Archive member included to satisfy reference by file (symbol)

../StdPeriphDriver\libISP583.a(ISP583.o)
                              ./src/Main.o (FLASH_EEPROM_CMD)
c:/mounriver/mounriver_studio/toolchain/risc-v embedded gcc/bin/../lib/gcc/riscv-none-embed/8.2.0/rv32imac/ilp32\libgcc.a(_udivdi3.o)
                              ./src/modbus.o (__udivdi3)
c:/mounriver/mounriver_studio/toolchain/risc-v embedded gcc/bin/../lib/gcc/riscv-none-embed/8.2.0/rv32imac/ilp32\libgcc.a(_clz.o)
                              c:/mounriver/mounriver_studio/toolchain/risc-v embedded gcc/bin/../lib/gcc/riscv-none-embed/8.2.0/rv32imac/ilp32\libgcc.a(_udivdi3.o) (__clz_tab)
c:/mounriver/mounriver_studio/toolchain/risc-v embedded gcc/bin/../lib/gcc/riscv-none-embed/8.2.0/../../../../riscv-none-embed/lib/rv32imac/ilp32\libg_nano.a(lib_a-locale.o)
                              ./src/utils/log.o (__locale_ctype_ptr)
c:/mounriver/mounriver_studio/toolchain/risc-v embedded gcc/bin/../lib/gcc/riscv-none-embed/8.2.0/../../../../riscv-none-embed/lib/rv32imac/ilp32\libg_nano.a(lib_a-malloc.o)
                              ./src/liblightmodbus-impl.o (free)
c:/mounriver/mounriver_studio/toolchain/risc-v embedded gcc/bin/../lib/gcc/riscv-none-embed/8.2.0/../../../../riscv-none-embed/lib/rv32imac/ilp32\libg_nano.a(lib_a-mbtowc_r.o)
                              c:/mounriver/mounriver_studio/toolchain/risc-v embedded gcc/bin/../lib/gcc/riscv-none-embed/8.2.0/../../../../riscv-none-embed/lib/rv32imac/ilp32\libg_nano.a(lib_a-locale.o) (__ascii_mbtowc)
c:/mounriver/mounriver_studio/toolchain/risc-v embedded gcc/bin/../lib/gcc/riscv-none-embed/8.2.0/../../../../riscv-none-embed/lib/rv32imac/ilp32\libg_nano.a(lib_a-memcmp.o)
                              ./src/configtool.o (memcmp)
c:/mounriver/mounriver_studio/toolchain/risc-v embedded gcc/bin/../lib/gcc/riscv-none-embed/8.2.0/../../../../riscv-none-embed/lib/rv32imac/ilp32\libg_nano.a(lib_a-memcpy.o)
                              ./src/utils/md5.o (memcpy)
c:/mounriver/mounriver_studio/toolchain/risc-v embedded gcc/bin/../lib/gcc/riscv-none-embed/8.2.0/../../../../riscv-none-embed/lib/rv32imac/ilp32\libg_nano.a(lib_a-memset.o)
                              ./src/utils/md5.o (memset)
c:/mounriver/mounriver_studio/toolchain/risc-v embedded gcc/bin/../lib/gcc/riscv-none-embed/8.2.0/../../../../riscv-none-embed/lib/rv32imac/ilp32\libg_nano.a(lib_a-nano-freer.o)
                              c:/mounriver/mounriver_studio/toolchain/risc-v embedded gcc/bin/../lib/gcc/riscv-none-embed/8.2.0/../../../../riscv-none-embed/lib/rv32imac/ilp32\libg_nano.a(lib_a-malloc.o) (_free_r)
c:/mounriver/mounriver_studio/toolchain/risc-v embedded gcc/bin/../lib/gcc/riscv-none-embed/8.2.0/../../../../riscv-none-embed/lib/rv32imac/ilp32\libg_nano.a(lib_a-nano-mallocr.o)
                              c:/mounriver/mounriver_studio/toolchain/risc-v embedded gcc/bin/../lib/gcc/riscv-none-embed/8.2.0/../../../../riscv-none-embed/lib/rv32imac/ilp32\libg_nano.a(lib_a-malloc.o) (_malloc_r)
c:/mounriver/mounriver_studio/toolchain/risc-v embedded gcc/bin/../lib/gcc/riscv-none-embed/8.2.0/../../../../riscv-none-embed/lib/rv32imac/ilp32\libg_nano.a(lib_a-nano-vfprintf_float.o)
                              (_printf_float)
c:/mounriver/mounriver_studio/toolchain/risc-v embedded gcc/bin/../lib/gcc/riscv-none-embed/8.2.0/../../../../riscv-none-embed/lib/rv32imac/ilp32\libg_nano.a(lib_a-nano-vfprintf_i.o)
                              c:/mounriver/mounriver_studio/toolchain/risc-v embedded gcc/bin/../lib/gcc/riscv-none-embed/8.2.0/../../../../riscv-none-embed/lib/rv32imac/ilp32\libg_nano.a(lib_a-nano-vfprintf_float.o) (_printf_common)
c:/mounriver/mounriver_studio/toolchain/risc-v embedded gcc/bin/../lib/gcc/riscv-none-embed/8.2.0/../../../../riscv-none-embed/lib/rv32imac/ilp32\libg_nano.a(lib_a-nano-vfscanf_float.o)
                              (_scanf_float)
c:/mounriver/mounriver_studio/toolchain/risc-v embedded gcc/bin/../lib/gcc/riscv-none-embed/8.2.0/../../../../riscv-none-embed/lib/rv32imac/ilp32\libg_nano.a(lib_a-printf.o)
                              ./src/utils/log.o (printf)
c:/mounriver/mounriver_studio/toolchain/risc-v embedded gcc/bin/../lib/gcc/riscv-none-embed/8.2.0/../../../../riscv-none-embed/lib/rv32imac/ilp32\libg_nano.a(lib_a-putchar.o)
                              ./StdPeriphDriver/CH58x_usb2hostClass.o (putchar)
c:/mounriver/mounriver_studio/toolchain/risc-v embedded gcc/bin/../lib/gcc/riscv-none-embed/8.2.0/../../../../riscv-none-embed/lib/rv32imac/ilp32\libg_nano.a(lib_a-puts.o)
                              ./src/ds2480b/commun.o (puts)
c:/mounriver/mounriver_studio/toolchain/risc-v embedded gcc/bin/../lib/gcc/riscv-none-embed/8.2.0/../../../../riscv-none-embed/lib/rv32imac/ilp32\libg_nano.a(lib_a-realloc.o)
                              ./src/liblightmodbus-impl.o (realloc)
[...]
Memory Configuration

Name             Origin             Length             Attributes
FLASH            0x0000000000000000 0x0000000000032000 xr
RAM              0x0000000020000000 0x0000000000008000 xrw
*default*        0x0000000000000000 0xffffffffffffffff

Linker script and memory map

LOAD ./src/utils/crc.o
LOAD ./src/utils/crc16.o
LOAD ./src/utils/log.o
LOAD ./src/utils/md5.o
LOAD ./src/modbus/coils.o
LOAD ./src/modbus/discrete_input.o
LOAD ./src/modbus/iregs.o
LOAD ./src/modbus/regs.o
LOAD ./src/ds2480b/commun.o
LOAD ./src/ds2480b/onewire.o
LOAD ./src/ds2480b/uart-ds2480.o
LOAD ./src/Main.o
LOAD ./src/appinfo.o
LOAD ./src/bmp.o
LOAD ./src/configtool.o
LOAD ./src/display.o
LOAD ./src/gpio.o
LOAD ./src/liblightmodbus-impl.o
LOAD ./src/modbus.o
LOAD ./src/oled.o
LOAD ./src/sensor.o
LOAD ./src/storage.o
LOAD ./src/uart.o
LOAD ./src/uid.o
LOAD ./src/version.o
LOAD ./src/worktime.o
LOAD ./StdPeriphDriver/CH58x_clk.o
LOAD ./StdPeriphDriver/CH58x_flash.o
LOAD ./StdPeriphDriver/CH58x_gpio.o
LOAD ./StdPeriphDriver/CH58x_i2c.o
LOAD ./StdPeriphDriver/CH58x_pwr.o
LOAD ./StdPeriphDriver/CH58x_spi1.o
LOAD ./StdPeriphDriver/CH58x_sys.o
LOAD ./StdPeriphDriver/CH58x_timer0.o
LOAD ./StdPeriphDriver/CH58x_uart0.o
LOAD ./StdPeriphDriver/CH58x_uart1.o
LOAD ./StdPeriphDriver/CH58x_uart2.o
LOAD ./StdPeriphDriver/CH58x_usb2dev.o
LOAD ./StdPeriphDriver/CH58x_usb2hostBase.o
LOAD ./StdPeriphDriver/CH58x_usb2hostClass.o
LOAD ./Startup/startup_CH583.o
LOAD ./RVMSIS/core_riscv.o
LOAD ../StdPeriphDriver\libISP583.a
LOAD c:/mounriver/mounriver_studio/toolchain/risc-v embedded gcc/bin/../lib/gcc/riscv-none-embed/8.2.0/rv32imac/ilp32\libgcc.a
LOAD c:/mounriver/mounriver_studio/toolchain/risc-v embedded gcc/bin/../lib/gcc/riscv-none-embed/8.2.0/../../../../riscv-none-embed/lib/rv32imac/ilp32\libg_nano.a
LOAD c:/mounriver/mounriver_studio/toolchain/risc-v embedded gcc/bin/../lib/gcc/riscv-none-embed/8.2.0/../../../../riscv-none-embed/lib/rv32imac/ilp32\libc_nano.a
LOAD c:/mounriver/mounriver_studio/toolchain/risc-v embedded gcc/bin/../lib/gcc/riscv-none-embed/8.2.0/rv32imac/ilp32\libgcc.a
START GROUP
LOAD c:/mounriver/mounriver_studio/toolchain/risc-v embedded gcc/bin/../lib/gcc/riscv-none-embed/8.2.0/rv32imac/ilp32\libgcc.a
LOAD c:/mounriver/mounriver_studio/toolchain/risc-v embedded gcc/bin/../lib/gcc/riscv-none-embed/8.2.0/../../../../riscv-none-embed/lib/rv32imac/ilp32\libc_nano.a
LOAD c:/mounriver/mounriver_studio/toolchain/risc-v embedded gcc/bin/../lib/gcc/riscv-none-embed/8.2.0/../../../../riscv-none-embed/lib/rv32imac/ilp32\libnosys.a
END GROUP
START GROUP
LOAD c:/mounriver/mounriver_studio/toolchain/risc-v embedded gcc/bin/../lib/gcc/riscv-none-embed/8.2.0/rv32imac/ilp32\libgcc.a
LOAD c:/mounriver/mounriver_studio/toolchain/risc-v embedded gcc/bin/../lib/gcc/riscv-none-embed/8.2.0/../../../../riscv-none-embed/lib/rv32imac/ilp32\libc_nano.a
LOAD c:/mounriver/mounriver_studio/toolchain/risc-v embedded gcc/bin/../lib/gcc/riscv-none-embed/8.2.0/../../../../riscv-none-embed/lib/rv32imac/ilp32\libnosys.a
END GROUP

.init           0x0000000000000000        0x4
                0x0000000000000000                _sinit = .
                0x0000000000000000                . = ALIGN (0x4)
 *(SORT_NONE(.init))
 .init          0x0000000000000000        0x4 ./Startup/startup_CH583.o
                0x0000000000000000                _start
                0x0000000000000004                . = ALIGN (0x4)
                0x0000000000000004                _einit = .

.appinfo        0x0000000000000004       0x80
                0x0000000000000004                _s_appinfo = .
                0x0000000000000004                . = ALIGN (0x4)
 *(.appinfo)
 .appinfo       0x0000000000000004       0x2e ./src/appinfo.o
 *(.appinfo.*)
                0x0000000000000084                . = (_s_appinfo + 0x80)
 *fill*         0x0000000000000032       0x52 
                0x0000000000000084                _e_appinfo = .

.highcodelalign
                0x0000000000000084        0x0
                0x0000000000000084                . = ALIGN (0x4)
                0x0000000000000084                PROVIDE (_highcode_lma = .)

.highcode       0x0000000020000000      0xa8c load address 0x0000000000000084
                0x0000000020000000                . = ALIGN (0x4)
                0x0000000020000000                PROVIDE (_highcode_vma_start = .)
 *(.vector)
 .vector        0x0000000020000000       0x90 ./Startup/startup_CH583.o
 *(SORT_NONE(.vector_handler))
 .vector_handler
                0x0000000020000090       0x36 ./Startup/startup_CH583.o
                0x0000000020000090                NMI_Handler
                0x0000000020000094                Ecall_M_Mode_Handler
                0x0000000020000096                Ecall_U_Mode_Handler
                0x0000000020000098                Break_Point_Handler
                0x000000002000009c                SW_Handler
                0x00000000200000a4                SPI0_IRQHandler
                0x00000000200000a6                BB_IRQHandler
                0x00000000200000a8                LLE_IRQHandler
                0x00000000200000aa                USB_IRQHandler
                0x00000000200000ac                USB2_IRQHandler
                0x00000000200000ae                TMR1_IRQHandler
                0x00000000200000b0                TMR2_IRQHandler
                0x00000000200000b6                RTC_IRQHandler
                0x00000000200000b8                ADC_IRQHandler
                0x00000000200000ba                I2C_IRQHandler
                0x00000000200000bc                PWMX_IRQHandler
                0x00000000200000be                TMR3_IRQHandler
                0x00000000200000c4                WDOG_BAT_IRQHandler
 *(.highcode)
 .highcode      0x00000000200000c6       0x6c ./src/gpio.o
                0x00000000200000c6                GPIOA_IRQHandler
                0x000000002000010e                GPIOB_IRQHandler
 .highcode      0x0000000020000132       0xa2 ./src/modbus.o
                0x0000000020000132                TMR0_IRQHandler
 .highcode      0x00000000200001d4      0x268 ./src/uart.o
                0x00000000200001d4                UART0_IRQHandler
                0x0000000020000268                UART1_IRQHandler
                0x0000000020000304                UART2_IRQHandler
                0x00000000200003a0                UART3_IRQHandler
 .highcode      0x000000002000043c       0x22 ./src/worktime.o
                0x000000002000043c                SysTick_Handler
 .highcode      0x000000002000045e      0x206 ./StdPeriphDriver/CH58x_sys.o
                0x000000002000045e                SetSysClock
                0x00000000200005b8                SYS_ResetExecute
                0x00000000200005f4                HardFault_Handler
                0x000000002000062e                mDelayuS
                0x000000002000063c                mDelaymS
 .highcode      0x0000000020000664      0x426 ../StdPeriphDriver\libISP583.a(ISP583.o)
                0x0000000020000664                FLASH_ROM_BEG
                0x0000000020000676                FLASH_ROM_END
                0x0000000020000684                FLASH_ROM_IN
                0x0000000020000692                FLASH_ROM_OUT
                0x00000000200006a0                FLASH_ROM_ADDR
                0x00000000200006e8                FLASH_ROM_WAIT
                0x0000000020000720                FLASH_EEPROM_CMD
 *(.highcode.*)
                0x0000000020000a8c                . = ALIGN (0x4)
 *fill*         0x0000000020000a8a        0x2 
                0x0000000020000a8c                PROVIDE (_highcode_vma_end = .)

.text           0x0000000000000b10     0xcc00
                0x0000000000000b10                . = ALIGN (0x4)
 *(SORT_NONE(.handle_reset))
 .handle_reset  0x0000000000000b10       0xaa ./Startup/startup_CH583.o
                0x0000000000000b10                handle_reset
 *(.text)
 .text          0x0000000000000bba       0xa8 c:/mounriver/mounriver_studio/toolchain/risc-v embedded gcc/bin/../lib/gcc/riscv-none-embed/8.2.0/../../../../riscv-none-embed/lib/rv32imac/ilp32\libg_nano.a(lib_a-memset.o)
                0x0000000000000bba                memset
 *(.text.*)
 .text.reflected_data
                0x0000000000000c62       0xbc ./src/utils/crc.o
                0x0000000000000c62                reflected_data
 .text.check_crc4
                0x0000000000000d1e       0x98 ./src/utils/crc.o
                0x0000000000000d1e                check_crc4
 .text.check_crc5
                0x0000000000000db6       0x98 ./src/utils/crc.o
                0x0000000000000db6                check_crc5
 .text.check_crc6
                0x0000000000000e4e       0x98 ./src/utils/crc.o
                0x0000000000000e4e                check_crc6
 .text.check_crc7
                0x0000000000000ee6       0x98 ./src/utils/crc.o
                0x0000000000000ee6                check_crc7
 .text.check_crc8
                0x0000000000000f7e       0x76 ./src/utils/crc.o
                0x0000000000000f7e                check_crc8
 .text.check_crc16
                0x0000000000000ff4       0x7c ./src/utils/crc.o
                0x0000000000000ff4                check_crc16
 .text.check_crc32
                0x0000000000001070       0x6e ./src/utils/crc.o
                0x0000000000001070                check_crc32
 .text.crc_check
                0x00000000000010de       0xe6 ./src/utils/crc.o
                0x00000000000010de                crc_check
 .text.log_buffer_hex
                0x00000000000011c4       0xd6 ./src/utils/log.o
                0x00000000000011c4                log_buffer_hex
 .text.modbus_coil_callback
                0x000000000000129a       0x62 ./src/modbus/coils.o
                0x000000000000129a                modbus_coil_callback
 .text.modbus_di_callback
                0x00000000000012fc       0x7c ./src/modbus/discrete_input.o
                0x00000000000012fc                modbus_di_callback
 .text.modbus_ireg_callback
                0x0000000000001378       0x40 ./src/modbus/iregs.o
                0x0000000000001378                modbus_ireg_callback
 .text.modbus_reg_update
                0x00000000000013b8       0x38 ./src/modbus/regs.o
                0x00000000000013b8                modbus_reg_update
 .text.modbus_reg_get
                0x00000000000013f0       0x42 ./src/modbus/regs.o
                0x00000000000013f0                modbus_reg_get
 .text.modbus_reg_callback
                0x0000000000001432      0x154 ./src/modbus/regs.o
                0x0000000000001432                modbus_reg_callback
 .text.modbus_reg_update_uid
                0x0000000000001586       0x24 ./src/modbus/regs.o
                0x0000000000001586                modbus_reg_update_uid
 .text.modbus_regs_init
                0x00000000000015aa       0x36 ./src/modbus/regs.o
                0x00000000000015aa                modbus_regs_init
 .text.bitacc   0x00000000000015e0       0x3c ./src/ds2480b/commun.o
                0x00000000000015e0                bitacc
 .text.find_device
                0x000000000000161c       0x66 ./src/ds2480b/commun.o
                0x000000000000161c                find_device
 .text.docrc8   0x0000000000001682       0x1e ./src/ds2480b/onewire.o
                0x0000000000001682                docrc8
 .text.DS2480B_Detect
                0x00000000000016a0       0xec ./src/ds2480b/onewire.o
                0x00000000000016a0                DS2480B_Detect
 .text.OWLevel  0x000000000000178c       0xd6 ./src/ds2480b/onewire.o
                0x000000000000178c                OWLevel
 .text.OWReset  0x0000000000001862      0x114 ./src/ds2480b/onewire.o
                0x0000000000001862                OWReset
 .text.OWSearch
                0x0000000000001976      0x25c ./src/ds2480b/onewire.o
                0x0000000000001976                OWSearch
 .text.OWFirst  0x0000000000001bd2        0xe ./src/ds2480b/onewire.o
                0x0000000000001bd2                OWFirst
 .text.OWNext   0x0000000000001be0        0x2 ./src/ds2480b/onewire.o
                0x0000000000001be0                OWNext
 .text.uart_send_break
                0x0000000000001be2       0x34 ./src/ds2480b/uart-ds2480.o
                0x0000000000001be2                uart_send_break
 .text.uart_write
                0x0000000000001c16       0x2c ./src/ds2480b/uart-ds2480.o
                0x0000000000001c16                uart_write
 .text.change_baud_rate
                0x0000000000001c42       0x10 ./src/ds2480b/uart-ds2480.o
                0x0000000000001c42                change_baud_rate
 .text.uuid_dump
                0x0000000000001c52       0x68 ./src/Main.o
                0x0000000000001c52                uuid_dump
 .text.reset_dump
                0x0000000000001cba       0xa6 ./src/Main.o
                0x0000000000001cba                reset_dump
 .text.startup.main
                0x0000000000001d60       0xce ./src/Main.o
                0x0000000000001d60                main
 .text.appinfo_get
                0x0000000000001e2e        0x6 ./src/appinfo.o
                0x0000000000001e2e                appinfo_get
 .text.cfg_save_item
                0x0000000000001e34       0xd0 ./src/configtool.o
 .text.cfg_get_mb_uart
                0x0000000000001f04       0x42 ./src/configtool.o
                0x0000000000001f04                cfg_get_mb_uart
 .text.cfg_update_mb_uart
                0x0000000000001f46       0x64 ./src/configtool.o
                0x0000000000001f46                cfg_update_mb_uart
 .text.cfg_get_mb_addr
                0x0000000000001faa       0x40 ./src/configtool.o
                0x0000000000001faa                cfg_get_mb_addr
 .text.cfg_init
                0x0000000000001fea       0xe6 ./src/configtool.o
                0x0000000000001fea                cfg_init
 .text.display_init
                0x00000000000020d0       0x20 ./src/display.o
                0x00000000000020d0                display_init
 .text.gpio_set_direction
                0x00000000000020f0       0x62 ./src/gpio.o
                0x00000000000020f0                gpio_set_direction
 .text.gpio_set_level
                0x0000000000002152       0x84 ./src/gpio.o
                0x0000000000002152                gpio_set_level
 .text.modbusBufferInit
                0x00000000000021d6       0x12 ./src/liblightmodbus-impl.o
                0x00000000000021d6                modbusBufferInit
 .text.modbusBufferAllocateADU
                0x00000000000021e8       0x50 ./src/liblightmodbus-impl.o
                0x00000000000021e8                modbusBufferAllocateADU
 .text.modbusBufferFree
                0x0000000000002238        0x6 ./src/liblightmodbus-impl.o
                0x0000000000002238                modbusBufferFree
 .text.modbusSlaveAllocateResponse
                0x000000000000223e        0x6 ./src/liblightmodbus-impl.o
 .text.modbusCRC
                0x0000000000002244       0x40 ./src/liblightmodbus-impl.o
                0x0000000000002244                modbusCRC
 .text.modbusSlaveInit
                0x0000000000002284       0x14 ./src/liblightmodbus-impl.o
                0x0000000000002284                modbusSlaveInit
 .text.modbusSlaveDestroy
                0x0000000000002298        0x6 ./src/liblightmodbus-impl.o
                0x0000000000002298                modbusSlaveDestroy
 .text.modbusBuildException
                0x000000000000229e       0x44 ./src/liblightmodbus-impl.o
                0x000000000000229e                modbusBuildException
 .text.modbusParseRequest01020304
                0x00000000000022e2      0x1cc ./src/liblightmodbus-impl.o
                0x00000000000022e2                modbusParseRequest01020304
 .text.modbusParseRequest0506
                0x00000000000024ae      0x11a ./src/liblightmodbus-impl.o
                0x00000000000024ae                modbusParseRequest0506
 .text.modbusParseRequest1516
                0x00000000000025c8      0x1d0 ./src/liblightmodbus-impl.o
                0x00000000000025c8                modbusParseRequest1516
 .text.modbusParseRequest22
                0x0000000000002798      0x15e ./src/liblightmodbus-impl.o
                0x0000000000002798                modbusParseRequest22
 .text.modbusParseRequest
                0x00000000000028f6       0x38 ./src/liblightmodbus-impl.o
                0x00000000000028f6                modbusParseRequest
 .text.modbusParseRequestRTU
                0x000000000000292e       0xf0 ./src/liblightmodbus-impl.o
                0x000000000000292e                modbusParseRequestRTU
 .text.modbusErrorStr
                0x0000000000002a1e       0x20 ./src/liblightmodbus-impl.o
                0x0000000000002a1e                modbusErrorStr
 .text.modbus_slave_allocator
                0x0000000000002a3e       0x22 ./src/modbus.o
 .text.register_callback
                0x0000000000002a60       0x3c ./src/modbus.o
                0x0000000000002a60                register_callback
 .text.modbus_t05_cnt
                0x0000000000002a9c       0x42 ./src/modbus.o
 .text.slave_recv
                0x0000000000002ade       0xc2 ./src/modbus.o
                0x0000000000002ade                slave_recv
 .text.modbus_slave_uart_init
                0x0000000000002ba0       0x3c ./src/modbus.o
                0x0000000000002ba0                modbus_slave_uart_init
 .text.modbus_slave_uart_send
                0x0000000000002bdc       0x24 ./src/modbus.o
                0x0000000000002bdc                modbus_slave_uart_send
 .text.modbus_slave_init
                0x0000000000002c00       0xd0 ./src/modbus.o
                0x0000000000002c00                modbus_slave_init
 .text.modbus_sa_ctrl
                0x0000000000002cd0       0x26 ./src/modbus.o
                0x0000000000002cd0                modbus_sa_ctrl
 .text.modbus_init
                0x0000000000002cf6       0x5a ./src/modbus.o
                0x0000000000002cf6                modbus_init
 .text.modbus_frame_check
                0x0000000000002d50       0xc6 ./src/modbus.o
                0x0000000000002d50                modbus_frame_check
 .text.modbus_run
                0x0000000000002e16       0x36 ./src/modbus.o
                0x0000000000002e16                modbus_run
 .text.OLED_WR_Byte
                0x0000000000002e4c       0x98 ./src/oled.o
                0x0000000000002e4c                OLED_WR_Byte
 .text.OLED_Refresh
                0x0000000000002ee4       0x74 ./src/oled.o
                0x0000000000002ee4                OLED_Refresh
 .text.OLED_Clear
                0x0000000000002f58       0x30 ./src/oled.o
                0x0000000000002f58                OLED_Clear
 .text.OLED_DrawPoint
                0x0000000000002f88       0x4a ./src/oled.o
                0x0000000000002f88                OLED_DrawPoint
 .text.OLED_ShowPicture
                0x0000000000002fd2       0xda ./src/oled.o
                0x0000000000002fd2                OLED_ShowPicture
 .text.OLED_io_init
                0x00000000000030ac       0x6a ./src/oled.o
                0x00000000000030ac                OLED_io_init
 .text.OLED_Init
                0x0000000000003116      0x10c ./src/oled.o
                0x0000000000003116                OLED_Init
 .text.mb_reg_after_write
                0x0000000000003222       0xbc ./src/sensor.o
 .text.mb_init  0x00000000000032de       0x76 ./src/sensor.o
                0x00000000000032de                mb_init
 .text.sensor_init
                0x0000000000003354       0x26 ./src/sensor.o
                0x0000000000003354                sensor_init
 .text.sensor_run
                0x000000000000337a       0x4e ./src/sensor.o
                0x000000000000337a                sensor_run
 .text.st_page_status_str
                0x00000000000033c8       0x4e ./src/storage.o
 .text.st_item_verify
                0x0000000000003416       0x3a ./src/storage.o
 .text.st_page_read
                0x0000000000003450       0x74 ./src/storage.o
 .text.st_page_erase
                0x00000000000034c4       0x98 ./src/storage.o
 .text.st_page_status_update.constprop.12
                0x000000000000355c       0xde ./src/storage.o
 .text.st_page_get_freesize.constprop.13
                0x000000000000363a       0x4c ./src/storage.o
 .text.st_first_page.constprop.11
                0x0000000000003686       0x42 ./src/storage.o
 .text.st_page_write
                0x00000000000036c8       0x8a ./src/storage.o
 .text.st_page_write_item.constprop.10
                0x0000000000003752      0x14e ./src/storage.o
 .text.st_delete_item_with_loc
                0x00000000000038a0      0x180 ./src/storage.o
                0x00000000000038a0                st_delete_item_with_loc
 .text.st_find_item
                0x0000000000003a20      0x280 ./src/storage.o
 .text.st_init  0x0000000000003ca0      0x382 ./src/storage.o
                0x0000000000003ca0                st_init
 .text.st_write_item
                0x0000000000004022      0x448 ./src/storage.o
                0x0000000000004022                st_write_item
 .text.st_read_item
                0x000000000000446a       0x82 ./src/storage.o
                0x000000000000446a                st_read_item
 .text.uart_set_stopbits
                0x00000000000044ec       0x82 ./src/uart.o
                0x00000000000044ec                uart_set_stopbits
 .text.uart_set_databits
                0x000000000000456e       0x8a ./src/uart.o
                0x000000000000456e                uart_set_databits
 .text.uart_set_baudrate
                0x00000000000045f8       0x64 ./src/uart.o
                0x00000000000045f8                uart_set_baudrate
 .text.uart_set_parity
                0x000000000000465c       0x6e ./src/uart.o
                0x000000000000465c                uart_set_parity
 .text.uart_init
                0x00000000000046ca      0x1a6 ./src/uart.o
                0x00000000000046ca                uart_init
 .text.uart_send
                0x0000000000004870       0xc6 ./src/uart.o
                0x0000000000004870                uart_send
 .text.uart_read
                0x0000000000004936       0xb2 ./src/uart.o
                0x0000000000004936                uart_read
 .text.get_uid  0x00000000000049e8       0x32 ./src/uid.o
                0x00000000000049e8                get_uid
 .text.worktime_init
                0x0000000000004a1a       0x3a ./src/worktime.o
                0x0000000000004a1a                worktime_init
 .text.worktime_get
                0x0000000000004a54        0xa ./src/worktime.o
                0x0000000000004a54                worktime_get
 .text.worktime_since
                0x0000000000004a5e       0x18 ./src/worktime.o
                0x0000000000004a5e                worktime_since
 .text.GPIOA_ModeCfg
                0x0000000000004a76       0xa6 ./StdPeriphDriver/CH58x_gpio.o
                0x0000000000004a76                GPIOA_ModeCfg
 .text.GPIOB_ModeCfg
                0x0000000000004b1c       0xa6 ./StdPeriphDriver/CH58x_gpio.o
                0x0000000000004b1c                GPIOB_ModeCfg
 .text.GetSysClock
                0x0000000000004bc2       0x42 ./StdPeriphDriver/CH58x_sys.o
                0x0000000000004bc2                GetSysClock
 .text._write   0x0000000000004c04       0x28 ./StdPeriphDriver/CH58x_sys.o
                0x0000000000004c04                _write
 .text.TMR0_TimerInit
                0x0000000000004c2c       0x14 ./StdPeriphDriver/CH58x_timer0.o
                0x0000000000004c2c                TMR0_TimerInit
 .text.UART0_BaudRateCfg
                0x0000000000004c40       0x30 ./StdPeriphDriver/CH58x_uart0.o
                0x0000000000004c40                UART0_BaudRateCfg
 .text.UART0_SendString
                0x0000000000004c70       0x28 ./StdPeriphDriver/CH58x_uart0.o
                0x0000000000004c70                UART0_SendString
 .text.__udivdi3
                0x0000000000004c98      0x398 c:/mounriver/mounriver_studio/toolchain/risc-v embedded gcc/bin/../lib/gcc/riscv-none-embed/8.2.0/rv32imac/ilp32\libgcc.a(_udivdi3.o)
                0x0000000000004c98                __udivdi3
 .text.__locale_ctype_ptr_l
                0x0000000000005030        0x6 c:/mounriver/mounriver_studio/toolchain/risc-v embedded gcc/bin/../lib/gcc/riscv-none-embed/8.2.0/../../../../riscv-none-embed/lib/rv32imac/ilp32\libg_nano.a(lib_a-locale.o)
                0x0000000000005030                __locale_ctype_ptr_l
 .text.malloc   0x0000000000005036        0xa c:/mounriver/mounriver_studio/toolchain/risc-v embedded gcc/bin/../lib/gcc/riscv-none-embed/8.2.0/../../../../riscv-none-embed/lib/rv32imac/ilp32\libg_nano.a(lib_a-malloc.o)
                0x0000000000005036                malloc
 .text.__ascii_mbtowc
                0x0000000000005040       0x3a c:/mounriver/mounriver_studio/toolchain/risc-v embedded gcc/bin/../lib/gcc/riscv-none-embed/8.2.0/../../../../riscv-none-embed/lib/rv32imac/ilp32\libg_nano.a(lib_a-mbtowc_r.o)
                0x0000000000005040                __ascii_mbtowc
 .text.memcmp   0x000000000000507a       0x26 c:/mounriver/mounriver_studio/toolchain/risc-v embedded gcc/bin/../lib/gcc/riscv-none-embed/8.2.0/../../../../riscv-none-embed/lib/rv32imac/ilp32\libg_nano.a(lib_a-memcmp.o)
                0x000000000000507a                memcmp
 .text.memcpy   0x00000000000050a0       0xb6 c:/mounriver/mounriver_studio/toolchain/risc-v embedded gcc/bin/../lib/gcc/riscv-none-embed/8.2.0/../../../../riscv-none-embed/lib/rv32imac/ilp32\libg_nano.a(lib_a-memcpy.o)
                0x00000000000050a0                memcpy
 .text._free_r  0x0000000000005156       0xa8 c:/mounriver/mounriver_studio/toolchain/risc-v embedded gcc/bin/../lib/gcc/riscv-none-embed/8.2.0/../../../../riscv-none-embed/lib/rv32imac/ilp32\libg_nano.a(lib_a-nano-freer.o)
                0x0000000000005156                _free_r
 .text._malloc_r
                0x00000000000051fe       0xda c:/mounriver/mounriver_studio/toolchain/risc-v embedded gcc/bin/../lib/gcc/riscv-none-embed/8.2.0/../../../../riscv-none-embed/lib/rv32imac/ilp32\libg_nano.a(lib_a-nano-mallocr.o)
                0x00000000000051fe                _malloc_r
 .text.__cvt    0x00000000000052d8       0xee c:/mounriver/mounriver_studio/toolchain/risc-v embedded gcc/bin/../lib/gcc/riscv-none-embed/8.2.0/../../../../riscv-none-embed/lib/rv32imac/ilp32\libg_nano.a(lib_a-nano-vfprintf_float.o)
                0x00000000000052d8                __cvt
 .text.__exponent
                0x00000000000053c6       0x8c c:/mounriver/mounriver_studio/toolchain/risc-v embedded gcc/bin/../lib/gcc/riscv-none-embed/8.2.0/../../../../riscv-none-embed/lib/rv32imac/ilp32\libg_nano.a(lib_a-nano-vfprintf_float.o)
                0x00000000000053c6                __exponent
 .text._printf_float
                0x0000000000005452      0x4c4 c:/mounriver/mounriver_studio/toolchain/risc-v embedded gcc/bin/../lib/gcc/riscv-none-embed/8.2.0/../../../../riscv-none-embed/lib/rv32imac/ilp32\libg_nano.a(lib_a-nano-vfprintf_float.o)
                0x0000000000005452                _printf_float
 .text._printf_common
                0x0000000000005916      0x10c c:/mounriver/mounriver_studio/toolchain/risc-v embedded gcc/bin/../lib/gcc/riscv-none-embed/8.2.0/../../../../riscv-none-embed/lib/rv32imac/ilp32\libg_nano.a(lib_a-nano-vfprintf_i.o)
                0x0000000000005916                _printf_common
 .text._printf_i
                0x0000000000005a22      0x2ac c:/mounriver/mounriver_studio/toolchain/risc-v embedded gcc/bin/../lib/gcc/riscv-none-embed/8.2.0/../../../../riscv-none-embed/lib/rv32imac/ilp32\libg_nano.a(lib_a-nano-vfprintf_i.o)
                0x0000000000005a22                _printf_i
 .text._scanf_float
                0x0000000000005cce      0x476 c:/mounriver/mounriver_studio/toolchain/risc-v embedded gcc/bin/../lib/gcc/riscv-none-embed/8.2.0/../../../../riscv-none-embed/lib/rv32imac/ilp32\libg_nano.a(lib_a-nano-vfscanf_float.o)
                0x0000000000005cce                _scanf_float
 .text.printf   0x0000000000006144       0x42 c:/mounriver/mounriver_studio/toolchain/risc-v embedded gcc/bin/../lib/gcc/riscv-none-embed/8.2.0/../../../../riscv-none-embed/lib/rv32imac/ilp32\libg_nano.a(lib_a-printf.o)
                0x0000000000006144                iprintf
                0x0000000000006144                printf
 .text._puts_r  0x0000000000006186       0xe4 c:/mounriver/mounriver_studio/toolchain/risc-v embedded gcc/bin/../lib/gcc/riscv-none-embed/8.2.0/../../../../riscv-none-embed/lib/rv32imac/ilp32\libg_nano.a(lib_a-puts.o)
                0x0000000000006186                _puts_r
 .text.puts     0x000000000000626a        0xa c:/mounriver/mounriver_studio/toolchain/risc-v embedded gcc/bin/../lib/gcc/riscv-none-embed/8.2.0/../../../../riscv-none-embed/lib/rv32imac/ilp32\libg_nano.a(lib_a-puts.o)
                0x000000000000626a                puts
 .text._sbrk_r  0x0000000000006274       0x2a c:/mounriver/mounriver_studio/toolchain/risc-v embedded gcc/bin/../lib/gcc/riscv-none-embed/8.2.0/../../../../riscv-none-embed/lib/rv32imac/ilp32\libg_nano.a(lib_a-sbrkr.o)
                0x0000000000006274                _sbrk_r
 .text.nanf     0x000000000000629e        0xc c:/mounriver/mounriver_studio/toolchain/risc-v embedded gcc/bin/../lib/gcc/riscv-none-embed/8.2.0/../../../../riscv-none-embed/lib/rv32imac/ilp32\libg_nano.a(lib_a-sf_nan.o)
                0x000000000000629e                nanf
 .text.sprintf  0x00000000000062aa       0x46 c:/mounriver/mounriver_studio/toolchain/risc-v embedded gcc/bin/../lib/gcc/riscv-none-embed/8.2.0/../../../../riscv-none-embed/lib/rv32imac/ilp32\libg_nano.a(lib_a-sprintf.o)
                0x00000000000062aa                siprintf
                0x00000000000062aa                sprintf
 .text.strlen   0x00000000000062f0       0x12 c:/mounriver/mounriver_studio/toolchain/risc-v embedded gcc/bin/../lib/gcc/riscv-none-embed/8.2.0/../../../../riscv-none-embed/lib/rv32imac/ilp32\libg_nano.a(lib_a-strlen.o)
                0x00000000000062f0                strlen
 .text.strncmp  0x0000000000006302       0x2c c:/mounriver/mounriver_studio/toolchain/risc-v embedded gcc/bin/../lib/gcc/riscv-none-embed/8.2.0/../../../../riscv-none-embed/lib/rv32imac/ilp32\libg_nano.a(lib_a-strncmp.o)
                0x0000000000006302                strncmp
 .text.sulp     0x000000000000632e       0x4e c:/mounriver/mounriver_studio/toolchain/risc-v embedded gcc/bin/../lib/gcc/riscv-none-embed/8.2.0/../../../../riscv-none-embed/lib/rv32imac/ilp32\libg_nano.a(lib_a-strtod.o)
 .text._strtod_l
                0x000000000000637c      0xc7c c:/mounriver/mounriver_studio/toolchain/risc-v embedded gcc/bin/../lib/gcc/riscv-none-embed/8.2.0/../../../../riscv-none-embed/lib/rv32imac/ilp32\libg_nano.a(lib_a-strtod.o)
                0x000000000000637c                _strtod_l
 .text._strtod_r
                0x0000000000006ff8       0x16 c:/mounriver/mounriver_studio/toolchain/risc-v embedded gcc/bin/../lib/gcc/riscv-none-embed/8.2.0/../../../../riscv-none-embed/lib/rv32imac/ilp32\libg_nano.a(lib_a-strtod.o)
                0x0000000000006ff8                _strtod_r
 .text._strtol_l.isra.0
                0x000000000000700e      0x144 c:/mounriver/mounriver_studio/toolchain/risc-v embedded gcc/bin/../lib/gcc/riscv-none-embed/8.2.0/../../../../riscv-none-embed/lib/rv32imac/ilp32\libg_nano.a(lib_a-strtol.o)
 .text._strtol_r
                0x0000000000007152       0x16 c:/mounriver/mounriver_studio/toolchain/risc-v embedded gcc/bin/../lib/gcc/riscv-none-embed/8.2.0/../../../../riscv-none-embed/lib/rv32imac/ilp32\libg_nano.a(lib_a-strtol.o)
                0x0000000000007152                _strtol_r
 .text.__swbuf_r
                0x0000000000007168       0xc6 c:/mounriver/mounriver_studio/toolchain/risc-v embedded gcc/bin/../lib/gcc/riscv-none-embed/8.2.0/../../../../riscv-none-embed/lib/rv32imac/ilp32\libg_nano.a(lib_a-wbuf.o)
                0x0000000000007168                __swbuf_r
 .text.__ascii_wctomb
                0x000000000000722e       0x20 c:/mounriver/mounriver_studio/toolchain/risc-v embedded gcc/bin/../lib/gcc/riscv-none-embed/8.2.0/../../../../riscv-none-embed/lib/rv32imac/ilp32\libg_nano.a(lib_a-wctomb_r.o)
                0x000000000000722e                __ascii_wctomb
 .text.__swsetup_r
                0x000000000000724e      0x112 c:/mounriver/mounriver_studio/toolchain/risc-v embedded gcc/bin/../lib/gcc/riscv-none-embed/8.2.0/../../../../riscv-none-embed/lib/rv32imac/ilp32\libg_nano.a(lib_a-wsetup.o)
                0x000000000000724e                __swsetup_r
 .text.quorem   0x0000000000007360      0x13a c:/mounriver/mounriver_studio/toolchain/risc-v embedded gcc/bin/../lib/gcc/riscv-none-embed/8.2.0/../../../../riscv-none-embed/lib/rv32imac/ilp32\libg_nano.a(lib_a-dtoa.o)
 .text._dtoa_r  0x000000000000749a      0xc20 c:/mounriver/mounriver_studio/toolchain/risc-v embedded gcc/bin/../lib/gcc/riscv-none-embed/8.2.0/../../../../riscv-none-embed/lib/rv32imac/ilp32\libg_nano.a(lib_a-dtoa.o)
                0x000000000000749a                _dtoa_r
 .text.__sflush_r
                0x00000000000080ba      0x13e c:/mounriver/mounriver_studio/toolchain/risc-v embedded gcc/bin/../lib/gcc/riscv-none-embed/8.2.0/../../../../riscv-none-embed/lib/rv32imac/ilp32\libg_nano.a(lib_a-fflush.o)
                0x00000000000080ba                __sflush_r
 .text._fflush_r
                0x00000000000081f8       0x66 c:/mounriver/mounriver_studio/toolchain/risc-v embedded gcc/bin/../lib/gcc/riscv-none-embed/8.2.0/../../../../riscv-none-embed/lib/rv32imac/ilp32\libg_nano.a(lib_a-fflush.o)
                0x00000000000081f8                _fflush_r
 .text.std      0x000000000000825e       0x6a c:/mounriver/mounriver_studio/toolchain/risc-v embedded gcc/bin/../lib/gcc/riscv-none-embed/8.2.0/../../../../riscv-none-embed/lib/rv32imac/ilp32\libg_nano.a(lib_a-findfp.o)
 .text._cleanup_r
                0x00000000000082c8        0xa c:/mounriver/mounriver_studio/toolchain/risc-v embedded gcc/bin/../lib/gcc/riscv-none-embed/8.2.0/../../../../riscv-none-embed/lib/rv32imac/ilp32\libg_nano.a(lib_a-findfp.o)
                0x00000000000082c8                _cleanup_r
 .text.__sfmoreglue
                0x00000000000082d2       0x48 c:/mounriver/mounriver_studio/toolchain/risc-v embedded gcc/bin/../lib/gcc/riscv-none-embed/8.2.0/../../../../riscv-none-embed/lib/rv32imac/ilp32\libg_nano.a(lib_a-findfp.o)
                0x00000000000082d2                __sfmoreglue
 .text.__sinit  0x000000000000831a       0x70 c:/mounriver/mounriver_studio/toolchain/risc-v embedded gcc/bin/../lib/gcc/riscv-none-embed/8.2.0/../../../../riscv-none-embed/lib/rv32imac/ilp32\libg_nano.a(lib_a-findfp.o)
                0x000000000000831a                __sinit
 .text.__sfp    0x000000000000838a       0xa4 c:/mounriver/mounriver_studio/toolchain/risc-v embedded gcc/bin/../lib/gcc/riscv-none-embed/8.2.0/../../../../riscv-none-embed/lib/rv32imac/ilp32\libg_nano.a(lib_a-findfp.o)
                0x000000000000838a                __sfp
 .text._fwalk_reent
                0x000000000000842e       0x6c c:/mounriver/mounriver_studio/toolchain/risc-v embedded gcc/bin/../lib/gcc/riscv-none-embed/8.2.0/../../../../riscv-none-embed/lib/rv32imac/ilp32\libg_nano.a(lib_a-fwalk.o)
                0x000000000000842e                _fwalk_reent
 .text.rshift   0x000000000000849a       0x76 c:/mounriver/mounriver_studio/toolchain/risc-v embedded gcc/bin/../lib/gcc/riscv-none-embed/8.2.0/../../../../riscv-none-embed/lib/rv32imac/ilp32\libg_nano.a(lib_a-gdtoa-gethex.o)
 .text.__hexdig_fun
                0x0000000000008510       0x40 c:/mounriver/mounriver_studio/toolchain/risc-v embedded gcc/bin/../lib/gcc/riscv-none-embed/8.2.0/../../../../riscv-none-embed/lib/rv32imac/ilp32\libg_nano.a(lib_a-gdtoa-gethex.o)
                0x0000000000008510                __hexdig_fun
 .text.__gethex
                0x0000000000008550      0x4ce c:/mounriver/mounriver_studio/toolchain/risc-v embedded gcc/bin/../lib/gcc/riscv-none-embed/8.2.0/../../../../riscv-none-embed/lib/rv32imac/ilp32\libg_nano.a(lib_a-gdtoa-gethex.o)
                0x0000000000008550                __gethex
 .text.L_shift  0x0000000000008a1e       0x2c c:/mounriver/mounriver_studio/toolchain/risc-v embedded gcc/bin/../lib/gcc/riscv-none-embed/8.2.0/../../../../riscv-none-embed/lib/rv32imac/ilp32\libg_nano.a(lib_a-gdtoa-hexnan.o)
 .text.__match  0x0000000000008a4a       0x30 c:/mounriver/mounriver_studio/toolchain/risc-v embedded gcc/bin/../lib/gcc/riscv-none-embed/8.2.0/../../../../riscv-none-embed/lib/rv32imac/ilp32\libg_nano.a(lib_a-gdtoa-hexnan.o)
                0x0000000000008a4a                __match
 .text.__hexnan
                0x0000000000008a7a      0x160 c:/mounriver/mounriver_studio/toolchain/risc-v embedded gcc/bin/../lib/gcc/riscv-none-embed/8.2.0/../../../../riscv-none-embed/lib/rv32imac/ilp32\libg_nano.a(lib_a-gdtoa-hexnan.o)
                0x0000000000008a7a                __hexnan
 .text.__localeconv_l
                0x0000000000008bda        0x6 c:/mounriver/mounriver_studio/toolchain/risc-v embedded gcc/bin/../lib/gcc/riscv-none-embed/8.2.0/../../../../riscv-none-embed/lib/rv32imac/ilp32\libg_nano.a(lib_a-localeconv.o)
                0x0000000000008bda                __localeconv_l
 .text._localeconv_r
                0x0000000000008be0       0x18 c:/mounriver/mounriver_studio/toolchain/risc-v embedded gcc/bin/../lib/gcc/riscv-none-embed/8.2.0/../../../../riscv-none-embed/lib/rv32imac/ilp32\libg_nano.a(lib_a-localeconv.o)
                0x0000000000008be0                _localeconv_r
 .text.__swhatbuf_r
                0x0000000000008bf8       0x5a c:/mounriver/mounriver_studio/toolchain/risc-v embedded gcc/bin/../lib/gcc/riscv-none-embed/8.2.0/../../../../riscv-none-embed/lib/rv32imac/ilp32\libg_nano.a(lib_a-makebuf.o)
                0x0000000000008bf8                __swhatbuf_r
 .text.__smakebuf_r
                0x0000000000008c52       0xa2 c:/mounriver/mounriver_studio/toolchain/risc-v embedded gcc/bin/../lib/gcc/riscv-none-embed/8.2.0/../../../../riscv-none-embed/lib/rv32imac/ilp32\libg_nano.a(lib_a-makebuf.o)
                0x0000000000008c52                __smakebuf_r
 .text.memchr   0x0000000000008cf4       0x1a c:/mounriver/mounriver_studio/toolchain/risc-v embedded gcc/bin/../lib/gcc/riscv-none-embed/8.2.0/../../../../riscv-none-embed/lib/rv32imac/ilp32\libg_nano.a(lib_a-memchr.o)
                0x0000000000008cf4                memchr
 .text.__malloc_lock
                0x0000000000008d0e        0x2 c:/mounriver/mounriver_studio/toolchain/risc-v embedded gcc/bin/../lib/gcc/riscv-none-embed/8.2.0/../../../../riscv-none-embed/lib/rv32imac/ilp32\libg_nano.a(lib_a-mlock.o)
                0x0000000000008d0e                __malloc_lock
 .text.__malloc_unlock
                0x0000000000008d10        0x2 c:/mounriver/mounriver_studio/toolchain/risc-v embedded gcc/bin/../lib/gcc/riscv-none-embed/8.2.0/../../../../riscv-none-embed/lib/rv32imac/ilp32\libg_nano.a(lib_a-mlock.o)
                0x0000000000008d10                __malloc_unlock
 .text._Balloc  0x0000000000008d12       0x8c c:/mounriver/mounriver_studio/toolchain/risc-v embedded gcc/bin/../lib/gcc/riscv-none-embed/8.2.0/../../../../riscv-none-embed/lib/rv32imac/ilp32\libg_nano.a(lib_a-mprec.o)
                0x0000000000008d12                _Balloc
 .text._Bfree   0x0000000000008d9e       0x44 c:/mounriver/mounriver_studio/toolchain/risc-v embedded gcc/bin/../lib/gcc/riscv-none-embed/8.2.0/../../../../riscv-none-embed/lib/rv32imac/ilp32\libg_nano.a(lib_a-mprec.o)
                0x0000000000008d9e                _Bfree
 .text.__multadd
                0x0000000000008de2       0x98 c:/mounriver/mounriver_studio/toolchain/risc-v embedded gcc/bin/../lib/gcc/riscv-none-embed/8.2.0/../../../../riscv-none-embed/lib/rv32imac/ilp32\libg_nano.a(lib_a-mprec.o)
                0x0000000000008de2                __multadd
 .text.__s2b    0x0000000000008e7a       0xa6 c:/mounriver/mounriver_studio/toolchain/risc-v embedded gcc/bin/../lib/gcc/riscv-none-embed/8.2.0/../../../../riscv-none-embed/lib/rv32imac/ilp32\libg_nano.a(lib_a-mprec.o)
                0x0000000000008e7a                __s2b
 .text.__hi0bits
                0x0000000000008f20       0x46 c:/mounriver/mounriver_studio/toolchain/risc-v embedded gcc/bin/../lib/gcc/riscv-none-embed/8.2.0/../../../../riscv-none-embed/lib/rv32imac/ilp32\libg_nano.a(lib_a-mprec.o)
                0x0000000000008f20                __hi0bits
 .text.__lo0bits
                0x0000000000008f66       0x6a c:/mounriver/mounriver_studio/toolchain/risc-v embedded gcc/bin/../lib/gcc/riscv-none-embed/8.2.0/../../../../riscv-none-embed/lib/rv32imac/ilp32\libg_nano.a(lib_a-mprec.o)
                0x0000000000008f66                __lo0bits
 .text.__i2b    0x0000000000008fd0       0x1c c:/mounriver/mounriver_studio/toolchain/risc-v embedded gcc/bin/../lib/gcc/riscv-none-embed/8.2.0/../../../../riscv-none-embed/lib/rv32imac/ilp32\libg_nano.a(lib_a-mprec.o)
                0x0000000000008fd0                __i2b
 .text.__multiply
                0x0000000000008fec      0x144 c:/mounriver/mounriver_studio/toolchain/risc-v embedded gcc/bin/../lib/gcc/riscv-none-embed/8.2.0/../../../../riscv-none-embed/lib/rv32imac/ilp32\libg_nano.a(lib_a-mprec.o)
                0x0000000000008fec                __multiply
 .text.__pow5mult
                0x0000000000009130       0xbe c:/mounriver/mounriver_studio/toolchain/risc-v embedded gcc/bin/../lib/gcc/riscv-none-embed/8.2.0/../../../../riscv-none-embed/lib/rv32imac/ilp32\libg_nano.a(lib_a-mprec.o)
                0x0000000000009130                __pow5mult
 .text.__lshift
                0x00000000000091ee       0xce c:/mounriver/mounriver_studio/toolchain/risc-v embedded gcc/bin/../lib/gcc/riscv-none-embed/8.2.0/../../../../riscv-none-embed/lib/rv32imac/ilp32\libg_nano.a(lib_a-mprec.o)
                0x00000000000091ee                __lshift
 .text.__mcmp   0x00000000000092bc       0x32 c:/mounriver/mounriver_studio/toolchain/risc-v embedded gcc/bin/../lib/gcc/riscv-none-embed/8.2.0/../../../../riscv-none-embed/lib/rv32imac/ilp32\libg_nano.a(lib_a-mprec.o)
                0x00000000000092bc                __mcmp
 .text.__mdiff  0x00000000000092ee       0xf2 c:/mounriver/mounriver_studio/toolchain/risc-v embedded gcc/bin/../lib/gcc/riscv-none-embed/8.2.0/../../../../riscv-none-embed/lib/rv32imac/ilp32\libg_nano.a(lib_a-mprec.o)
                0x00000000000092ee                __mdiff
 .text.__ulp    0x00000000000093e0       0x46 c:/mounriver/mounriver_studio/toolchain/risc-v embedded gcc/bin/../lib/gcc/riscv-none-embed/8.2.0/../../../../riscv-none-embed/lib/rv32imac/ilp32\libg_nano.a(lib_a-mprec.o)
                0x00000000000093e0                __ulp
 .text.__b2d    0x0000000000009426       0xb4 c:/mounriver/mounriver_studio/toolchain/risc-v embedded gcc/bin/../lib/gcc/riscv-none-embed/8.2.0/../../../../riscv-none-embed/lib/rv32imac/ilp32\libg_nano.a(lib_a-mprec.o)
                0x0000000000009426                __b2d
 .text.__d2b    0x00000000000094da       0xd4 c:/mounriver/mounriver_studio/toolchain/risc-v embedded gcc/bin/../lib/gcc/riscv-none-embed/8.2.0/../../../../riscv-none-embed/lib/rv32imac/ilp32\libg_nano.a(lib_a-mprec.o)
                0x00000000000094da                __d2b
 .text.__ratio  0x00000000000095ae       0x74 c:/mounriver/mounriver_studio/toolchain/risc-v embedded gcc/bin/../lib/gcc/riscv-none-embed/8.2.0/../../../../riscv-none-embed/lib/rv32imac/ilp32\libg_nano.a(lib_a-mprec.o)
                0x00000000000095ae                __ratio
 .text.__copybits
                0x0000000000009622       0x36 c:/mounriver/mounriver_studio/toolchain/risc-v embedded gcc/bin/../lib/gcc/riscv-none-embed/8.2.0/../../../../riscv-none-embed/lib/rv32imac/ilp32\libg_nano.a(lib_a-mprec.o)
                0x0000000000009622                __copybits
 .text.__any_on
                0x0000000000009658       0x46 c:/mounriver/mounriver_studio/toolchain/risc-v embedded gcc/bin/../lib/gcc/riscv-none-embed/8.2.0/../../../../riscv-none-embed/lib/rv32imac/ilp32\libg_nano.a(lib_a-mprec.o)
                0x0000000000009658                __any_on
 .text._calloc_r
                0x000000000000969e       0x28 c:/mounriver/mounriver_studio/toolchain/risc-v embedded gcc/bin/../lib/gcc/riscv-none-embed/8.2.0/../../../../riscv-none-embed/lib/rv32imac/ilp32\libg_nano.a(lib_a-nano-callocr.o)
                0x000000000000969e                _calloc_r
 .text._realloc_r
                0x00000000000096c6       0x5a c:/mounriver/mounriver_studio/toolchain/risc-v embedded gcc/bin/../lib/gcc/riscv-none-embed/8.2.0/../../../../riscv-none-embed/lib/rv32imac/ilp32\libg_nano.a(lib_a-nano-reallocr.o)
                0x00000000000096c6                _realloc_r
 .text.__ssputs_r
                0x0000000000009720       0xee c:/mounriver/mounriver_studio/toolchain/risc-v embedded gcc/bin/../lib/gcc/riscv-none-embed/8.2.0/../../../../riscv-none-embed/lib/rv32imac/ilp32\libg_nano.a(lib_a-nano-svfprintf.o)
                0x0000000000009720                __ssputs_r
 .text._svfprintf_r
                0x000000000000980e      0x27e c:/mounriver/mounriver_studio/toolchain/risc-v embedded gcc/bin/../lib/gcc/riscv-none-embed/8.2.0/../../../../riscv-none-embed/lib/rv32imac/ilp32\libg_nano.a(lib_a-nano-svfprintf.o)
                0x000000000000980e                _svfiprintf_r
                0x000000000000980e                _svfprintf_r
 .text.__sfputc_r
                0x0000000000009a8c       0x2a c:/mounriver/mounriver_studio/toolchain/risc-v embedded gcc/bin/../lib/gcc/riscv-none-embed/8.2.0/../../../../riscv-none-embed/lib/rv32imac/ilp32\libg_nano.a(lib_a-nano-vfprintf.o)
 .text.__sfputs_r
                0x0000000000009ab6       0x44 c:/mounriver/mounriver_studio/toolchain/risc-v embedded gcc/bin/../lib/gcc/riscv-none-embed/8.2.0/../../../../riscv-none-embed/lib/rv32imac/ilp32\libg_nano.a(lib_a-nano-vfprintf.o)
                0x0000000000009ab6                __sfputs_r
 .text._vfprintf_r
                0x0000000000009afa      0x2a0 c:/mounriver/mounriver_studio/toolchain/risc-v embedded gcc/bin/../lib/gcc/riscv-none-embed/8.2.0/../../../../riscv-none-embed/lib/rv32imac/ilp32\libg_nano.a(lib_a-nano-vfprintf.o)
                0x0000000000009afa                _vfprintf_r
                0x0000000000009afa                _vfiprintf_r
 .text.__sread  0x0000000000009d9a       0x30 c:/mounriver/mounriver_studio/toolchain/risc-v embedded gcc/bin/../lib/gcc/riscv-none-embed/8.2.0/../../../../riscv-none-embed/lib/rv32imac/ilp32\libg_nano.a(lib_a-stdio.o)
                0x0000000000009d9a                __sread
 .text.__swrite
                0x0000000000009dca       0x4e c:/mounriver/mounriver_studio/toolchain/risc-v embedded gcc/bin/../lib/gcc/riscv-none-embed/8.2.0/../../../../riscv-none-embed/lib/rv32imac/ilp32\libg_nano.a(lib_a-stdio.o)
                0x0000000000009dca                __swrite
 .text.__sseek  0x0000000000009e18       0x36 c:/mounriver/mounriver_studio/toolchain/risc-v embedded gcc/bin/../lib/gcc/riscv-none-embed/8.2.0/../../../../riscv-none-embed/lib/rv32imac/ilp32\libg_nano.a(lib_a-stdio.o)
                0x0000000000009e18                __sseek
 .text.__sclose
                0x0000000000009e4e        0x6 c:/mounriver/mounriver_studio/toolchain/risc-v embedded gcc/bin/../lib/gcc/riscv-none-embed/8.2.0/../../../../riscv-none-embed/lib/rv32imac/ilp32\libg_nano.a(lib_a-stdio.o)
                0x0000000000009e4e                __sclose
 .text._write_r
                0x0000000000009e54       0x2e c:/mounriver/mounriver_studio/toolchain/risc-v embedded gcc/bin/../lib/gcc/riscv-none-embed/8.2.0/../../../../riscv-none-embed/lib/rv32imac/ilp32\libg_nano.a(lib_a-writer.o)
                0x0000000000009e54                _write_r
 .text._close_r
                0x0000000000009e82       0x2a c:/mounriver/mounriver_studio/toolchain/risc-v embedded gcc/bin/../lib/gcc/riscv-none-embed/8.2.0/../../../../riscv-none-embed/lib/rv32imac/ilp32\libg_nano.a(lib_a-closer.o)
                0x0000000000009e82                _close_r
 .text._fstat_r
                0x0000000000009eac       0x2c c:/mounriver/mounriver_studio/toolchain/risc-v embedded gcc/bin/../lib/gcc/riscv-none-embed/8.2.0/../../../../riscv-none-embed/lib/rv32imac/ilp32\libg_nano.a(lib_a-fstatr.o)
                0x0000000000009eac                _fstat_r
 .text._isatty_r
                0x0000000000009ed8       0x2a c:/mounriver/mounriver_studio/toolchain/risc-v embedded gcc/bin/../lib/gcc/riscv-none-embed/8.2.0/../../../../riscv-none-embed/lib/rv32imac/ilp32\libg_nano.a(lib_a-isattyr.o)
                0x0000000000009ed8                _isatty_r
 .text._lseek_r
                0x0000000000009f02       0x2e c:/mounriver/mounriver_studio/toolchain/risc-v embedded gcc/bin/../lib/gcc/riscv-none-embed/8.2.0/../../../../riscv-none-embed/lib/rv32imac/ilp32\libg_nano.a(lib_a-lseekr.o)
                0x0000000000009f02                _lseek_r
 .text.memmove  0x0000000000009f30       0x4a c:/mounriver/mounriver_studio/toolchain/risc-v embedded gcc/bin/../lib/gcc/riscv-none-embed/8.2.0/../../../../riscv-none-embed/lib/rv32imac/ilp32\libg_nano.a(lib_a-memmove.o)
                0x0000000000009f30                memmove
 .text._malloc_usable_size_r
                0x0000000000009f7a       0x14 c:/mounriver/mounriver_studio/toolchain/risc-v embedded gcc/bin/../lib/gcc/riscv-none-embed/8.2.0/../../../../riscv-none-embed/lib/rv32imac/ilp32\libg_nano.a(lib_a-nano-msizer.o)
                0x0000000000009f7a                _malloc_usable_size_r
 .text._read_r  0x0000000000009f8e       0x2e c:/mounriver/mounriver_studio/toolchain/risc-v embedded gcc/bin/../lib/gcc/riscv-none-embed/8.2.0/../../../../riscv-none-embed/lib/rv32imac/ilp32\libg_nano.a(lib_a-readr.o)
                0x0000000000009f8e                _read_r
 .text.__adddf3
                0x0000000000009fbc      0x730 c:/mounriver/mounriver_studio/toolchain/risc-v embedded gcc/bin/../lib/gcc/riscv-none-embed/8.2.0/rv32imac/ilp32\libgcc.a(adddf3.o)
                0x0000000000009fbc                __adddf3
 .text.__divdf3
                0x000000000000a6ec      0x5b4 c:/mounriver/mounriver_studio/toolchain/risc-v embedded gcc/bin/../lib/gcc/riscv-none-embed/8.2.0/rv32imac/ilp32\libgcc.a(divdf3.o)
                0x000000000000a6ec                __divdf3
 .text.__eqdf2  0x000000000000aca0       0x6a c:/mounriver/mounriver_studio/toolchain/risc-v embedded gcc/bin/../lib/gcc/riscv-none-embed/8.2.0/rv32imac/ilp32\libgcc.a(eqdf2.o)
                0x000000000000aca0                __nedf2
                0x000000000000aca0                __eqdf2
 .text.__gedf2  0x000000000000ad0a       0xae c:/mounriver/mounriver_studio/toolchain/risc-v embedded gcc/bin/../lib/gcc/riscv-none-embed/8.2.0/rv32imac/ilp32\libgcc.a(gedf2.o)
                0x000000000000ad0a                __gedf2
                0x000000000000ad0a                __gtdf2
 .text.__ledf2  0x000000000000adb8       0xb6 c:/mounriver/mounriver_studio/toolchain/risc-v embedded gcc/bin/../lib/gcc/riscv-none-embed/8.2.0/rv32imac/ilp32\libgcc.a(ledf2.o)
                0x000000000000adb8                __ledf2
                0x000000000000adb8                __ltdf2
 .text.__muldf3
                0x000000000000ae6e      0x4b8 c:/mounriver/mounriver_studio/toolchain/risc-v embedded gcc/bin/../lib/gcc/riscv-none-embed/8.2.0/rv32imac/ilp32\libgcc.a(muldf3.o)
                0x000000000000ae6e                __muldf3
 .text.__subdf3
                0x000000000000b326      0x73e c:/mounriver/mounriver_studio/toolchain/risc-v embedded gcc/bin/../lib/gcc/riscv-none-embed/8.2.0/rv32imac/ilp32\libgcc.a(subdf3.o)
                0x000000000000b326                __subdf3
 .text.__unorddf2
                0x000000000000ba64       0x3c c:/mounriver/mounriver_studio/toolchain/risc-v embedded gcc/bin/../lib/gcc/riscv-none-embed/8.2.0/rv32imac/ilp32\libgcc.a(unorddf2.o)
                0x000000000000ba64                __unorddf2
 .text.__fixdfsi
                0x000000000000baa0       0x68 c:/mounriver/mounriver_studio/toolchain/risc-v embedded gcc/bin/../lib/gcc/riscv-none-embed/8.2.0/rv32imac/ilp32\libgcc.a(fixdfsi.o)
                0x000000000000baa0                __fixdfsi
 .text.__fixunsdfsi
                0x000000000000bb08       0x5c c:/mounriver/mounriver_studio/toolchain/risc-v embedded gcc/bin/../lib/gcc/riscv-none-embed/8.2.0/rv32imac/ilp32\libgcc.a(fixunsdfsi.o)
                0x000000000000bb08                __fixunsdfsi
 .text.__floatsidf
                0x000000000000bb64       0x70 c:/mounriver/mounriver_studio/toolchain/risc-v embedded gcc/bin/../lib/gcc/riscv-none-embed/8.2.0/rv32imac/ilp32\libgcc.a(floatsidf.o)
                0x000000000000bb64                __floatsidf
 .text.__floatunsidf
                0x000000000000bbd4       0x66 c:/mounriver/mounriver_studio/toolchain/risc-v embedded gcc/bin/../lib/gcc/riscv-none-embed/8.2.0/rv32imac/ilp32\libgcc.a(floatunsidf.o)
                0x000000000000bbd4                __floatunsidf
 .text.__extenddftf2
                0x000000000000bc3a      0x1a0 c:/mounriver/mounriver_studio/toolchain/risc-v embedded gcc/bin/../lib/gcc/riscv-none-embed/8.2.0/rv32imac/ilp32\libgcc.a(extenddftf2.o)
                0x000000000000bc3a                __extenddftf2
 .text.__truncdfsf2
                0x000000000000bdda      0x16a c:/mounriver/mounriver_studio/toolchain/risc-v embedded gcc/bin/../lib/gcc/riscv-none-embed/8.2.0/rv32imac/ilp32\libgcc.a(truncdfsf2.o)
                0x000000000000bdda                __truncdfsf2
 .text.__trunctfdf2
                0x000000000000bf44      0x21e c:/mounriver/mounriver_studio/toolchain/risc-v embedded gcc/bin/../lib/gcc/riscv-none-embed/8.2.0/rv32imac/ilp32\libgcc.a(trunctfdf2.o)
                0x000000000000bf44                __trunctfdf2
 .text.__clzsi2
                0x000000000000c162       0x76 c:/mounriver/mounriver_studio/toolchain/risc-v embedded gcc/bin/../lib/gcc/riscv-none-embed/8.2.0/rv32imac/ilp32\libgcc.a(_clzsi2.o)
                0x000000000000c162                __clzsi2
 .text._close   0x000000000000c1d8        0xc c:/mounriver/mounriver_studio/toolchain/risc-v embedded gcc/bin/../lib/gcc/riscv-none-embed/8.2.0/../../../../riscv-none-embed/lib/rv32imac/ilp32\libnosys.a(close.o)
                0x000000000000c1d8                _close
 .text._fstat   0x000000000000c1e4        0xc c:/mounriver/mounriver_studio/toolchain/risc-v embedded gcc/bin/../lib/gcc/riscv-none-embed/8.2.0/../../../../riscv-none-embed/lib/rv32imac/ilp32\libnosys.a(fstat.o)
                0x000000000000c1e4                _fstat
 .text._isatty  0x000000000000c1f0        0xc c:/mounriver/mounriver_studio/toolchain/risc-v embedded gcc/bin/../lib/gcc/riscv-none-embed/8.2.0/../../../../riscv-none-embed/lib/rv32imac/ilp32\libnosys.a(isatty.o)
                0x000000000000c1f0                _isatty
 .text._lseek   0x000000000000c1fc        0xc c:/mounriver/mounriver_studio/toolchain/risc-v embedded gcc/bin/../lib/gcc/riscv-none-embed/8.2.0/../../../../riscv-none-embed/lib/rv32imac/ilp32\libnosys.a(lseek.o)
                0x000000000000c1fc                _lseek
 .text._read    0x000000000000c208        0xc c:/mounriver/mounriver_studio/toolchain/risc-v embedded gcc/bin/../lib/gcc/riscv-none-embed/8.2.0/../../../../riscv-none-embed/lib/rv32imac/ilp32\libnosys.a(read.o)
                0x000000000000c208                _read
 .text._sbrk    0x000000000000c214       0x20 c:/mounriver/mounriver_studio/toolchain/risc-v embedded gcc/bin/../lib/gcc/riscv-none-embed/8.2.0/../../../../riscv-none-embed/lib/rv32imac/ilp32\libnosys.a(sbrk.o)
                0x000000000000c214                _sbrk
 *(.rodata)
 *fill*         0x000000000000c234        0x0 
 .rodata        0x000000000000c234       0x14 ./src/modbus.o
 .rodata        0x000000000000c248       0x14 ./src/storage.o
 *(.rodata*)
 .rodata.log_buffer_hex.str1.4
                0x000000000000c25c       0x43 ./src/utils/log.o
 *fill*         0x000000000000c29f        0x1 
 .rodata.mb_reg_segs
                0x000000000000c2a0       0x30 ./src/modbus/regs.o
 .rodata.find_device.str1.4
                0x000000000000c2d0       0x26 ./src/ds2480b/commun.o
 *fill*         0x000000000000c2f6        0x2 
 .rodata.DS2480B_Detect.str1.4
                0x000000000000c2f8       0x27 ./src/ds2480b/onewire.o
 *fill*         0x000000000000c31f        0x1 
 .rodata.OWReset.str1.4
                0x000000000000c320       0x1a ./src/ds2480b/onewire.o
 *fill*         0x000000000000c33a        0x2 
 .rodata.OWSearch.str1.4
                0x000000000000c33c       0x27 ./src/ds2480b/onewire.o
 *fill*         0x000000000000c363        0x1 
 .rodata.__FUNCTION__.4199
                0x000000000000c364        0x9 ./src/ds2480b/onewire.o
 *fill*         0x000000000000c36d        0x3 
 .rodata.__FUNCTION__.4273
                0x000000000000c370        0xf ./src/ds2480b/onewire.o
 *fill*         0x000000000000c37f        0x1 
 .rodata.dscrc_table
                0x000000000000c380      0x100 ./src/ds2480b/onewire.o
 .rodata.reset_dump
                0x000000000000c480       0x1c ./src/Main.o
 .rodata.main.str1.4
                0x000000000000c49c       0x25 ./src/Main.o
 *fill*         0x000000000000c4c1        0x3 
 .rodata.reset_dump.str1.4
                0x000000000000c4c4       0x6f ./src/Main.o
 *fill*         0x000000000000c533        0x1 
 .rodata.uuid_dump.str1.4
                0x000000000000c534       0x16 ./src/Main.o
 *fill*         0x000000000000c54a        0x2 
 .rodata.__FUNCTION__.4089
                0x000000000000c54c       0x10 ./src/configtool.o
 .rodata.__FUNCTION__.4094
                0x000000000000c55c       0x13 ./src/configtool.o
 *fill*         0x000000000000c56f        0x1 
 .rodata.__FUNCTION__.4111
                0x000000000000c570       0x10 ./src/configtool.o
 .rodata.cfg_get_mb_uart.str1.4
                0x000000000000c580       0x14 ./src/configtool.o
 .rodata.cfg_init.str1.4
                0x000000000000c594       0x5d ./src/configtool.o
 *fill*         0x000000000000c5f1        0x3 
 .rodata.cfg_save_item.str1.4
                0x000000000000c5f4       0x3b ./src/configtool.o
 *fill*         0x000000000000c62f        0x1 
 .rodata.gpio_set_direction.str1.4
                0x000000000000c630       0x25 ./src/gpio.o
 *fill*         0x000000000000c655        0x3 
 .rodata.CSWTCH.34
                0x000000000000c658       0x34 ./src/liblightmodbus-impl.o
 .rodata.modbusErrorStr.str1.4
                0x000000000000c68c       0x16 ./src/liblightmodbus-impl.o
 *fill*         0x000000000000c6a2        0x2 
 .rodata.str1.4
                0x000000000000c6a4      0x2df ./src/liblightmodbus-impl.o
 *fill*         0x000000000000c983        0x1 
 .rodata.modbus_frame_check.str1.4
                0x000000000000c984       0x41 ./src/modbus.o
 *fill*         0x000000000000c9c5        0x3 
 .rodata.modbus_init.str1.4
                0x000000000000c9c8       0x1b ./src/modbus.o
 *fill*         0x000000000000c9e3        0x1 
 .rodata.modbus_slave_init.str1.4
                0x000000000000c9e4       0x2d ./src/modbus.o
 *fill*         0x000000000000ca11        0x3 
 .rodata.mb_reg_after_write.str1.4
                0x000000000000ca14       0x26 ./src/sensor.o
 *fill*         0x000000000000ca3a        0x2 
 .rodata.__FUNCTION__.4144
                0x000000000000ca3c        0xb ./src/storage.o
 *fill*         0x000000000000ca47        0x1 
 .rodata.__FUNCTION__.4169
                0x000000000000ca48       0x18 ./src/storage.o
 .rodata.st_delete_item_with_loc.str1.4
                0x000000000000ca60      0x11b ./src/storage.o
 *fill*         0x000000000000cb7b        0x1 
 .rodata.st_find_item.str1.4
                0x000000000000cb7c       0xd4 ./src/storage.o
 .rodata.st_init.str1.4
                0x000000000000cc50      0x1c8 ./src/storage.o
 .rodata.st_page_erase.str1.4
                0x000000000000ce18       0x32 ./src/storage.o
 *fill*         0x000000000000ce4a        0x2 
 .rodata.st_page_read.str1.4
                0x000000000000ce4c       0x56 ./src/storage.o
 *fill*         0x000000000000cea2        0x2 
 .rodata.st_page_status_str.str1.4
                0x000000000000cea4       0x2b ./src/storage.o
 *fill*         0x000000000000cecf        0x1 
 .rodata.st_page_status_update.constprop.12.str1.4
                0x000000000000ced0       0x28 ./src/storage.o
 .rodata.st_page_write_item.constprop.10.str1.4
                0x000000000000cef8       0xc0 ./src/storage.o
 .rodata.st_write_item.str1.4
                0x000000000000cfb8      0x11c ./src/storage.o
 .rodata.uart_init.str1.4
                0x000000000000d0d4       0x12 ./src/uart.o
 *fill*         0x000000000000d0e6        0x2 
 .rodata.uart_read.str1.4
                0x000000000000d0e8       0x11 ./src/uart.o
 *fill*         0x000000000000d0f9        0x3 
 .rodata.uart_set_databits.str1.4
                0x000000000000d0fc       0x1d ./src/uart.o
 *fill*         0x000000000000d119        0x3 
 .rodata.uart_set_parity.str1.4
                0x000000000000d11c       0x19 ./src/uart.o
 *fill*         0x000000000000d135        0x3 
 .rodata.uart_set_stopbits.str1.4
                0x000000000000d138       0x41 ./src/uart.o
 *fill*         0x000000000000d179        0x3 
 .rodata.GPIOA_ModeCfg
                0x000000000000d17c       0x14 ./StdPeriphDriver/CH58x_gpio.o
 .rodata.GPIOB_ModeCfg
                0x000000000000d190       0x14 ./StdPeriphDriver/CH58x_gpio.o
 .rodata.__clz_tab
                0x000000000000d1a4      0x100 c:/mounriver/mounriver_studio/toolchain/risc-v embedded gcc/bin/../lib/gcc/riscv-none-embed/8.2.0/rv32imac/ilp32\libgcc.a(_clz.o)
                0x000000000000d1a4                __clz_tab
 .rodata._setlocale_r.str1.4
                0x000000000000d2a4        0xa c:/mounriver/mounriver_studio/toolchain/risc-v embedded gcc/bin/../lib/gcc/riscv-none-embed/8.2.0/../../../../riscv-none-embed/lib/rv32imac/ilp32\libg_nano.a(lib_a-locale.o)
                                          0xd (size before relaxing)
 *fill*         0x000000000000d2ae        0x2 
 .rodata.str1.4
                0x000000000000d2b0        0x2 c:/mounriver/mounriver_studio/toolchain/risc-v embedded gcc/bin/../lib/gcc/riscv-none-embed/8.2.0/../../../../riscv-none-embed/lib/rv32imac/ilp32\libg_nano.a(lib_a-locale.o)
 *fill*         0x000000000000d2b2        0x6 
 .rodata._printf_float.cst8
                0x000000000000d2b8        0x8 c:/mounriver/mounriver_studio/toolchain/risc-v embedded gcc/bin/../lib/gcc/riscv-none-embed/8.2.0/../../../../riscv-none-embed/lib/rv32imac/ilp32\libg_nano.a(lib_a-nano-vfprintf_float.o)
 .rodata._printf_float.str1.4
                0x000000000000d2c0       0x12 c:/mounriver/mounriver_studio/toolchain/risc-v embedded gcc/bin/../lib/gcc/riscv-none-embed/8.2.0/../../../../riscv-none-embed/lib/rv32imac/ilp32\libg_nano.a(lib_a-nano-vfprintf_float.o)
 *fill*         0x000000000000d2d2        0x2 
 .rodata._printf_i.str1.4
                0x000000000000d2d4       0x25 c:/mounriver/mounriver_studio/toolchain/risc-v embedded gcc/bin/../lib/gcc/riscv-none-embed/8.2.0/../../../../riscv-none-embed/lib/rv32imac/ilp32\libg_nano.a(lib_a-nano-vfprintf_i.o)
 *fill*         0x000000000000d2f9        0x3 
 .rodata._scanf_float.str1.4
                0x000000000000d2fc        0x5 c:/mounriver/mounriver_studio/toolchain/risc-v embedded gcc/bin/../lib/gcc/riscv-none-embed/8.2.0/../../../../riscv-none-embed/lib/rv32imac/ilp32\libg_nano.a(lib_a-nano-vfscanf_float.o)
 *fill*         0x000000000000d301        0x3 
 .rodata.nanf.cst4
                0x000000000000d304        0x4 c:/mounriver/mounriver_studio/toolchain/risc-v embedded gcc/bin/../lib/gcc/riscv-none-embed/8.2.0/../../../../riscv-none-embed/lib/rv32imac/ilp32\libg_nano.a(lib_a-sf_nan.o)
 .rodata._strtod_l
                0x000000000000d308       0x14 c:/mounriver/mounriver_studio/toolchain/risc-v embedded gcc/bin/../lib/gcc/riscv-none-embed/8.2.0/../../../../riscv-none-embed/lib/rv32imac/ilp32\libg_nano.a(lib_a-strtod.o)
 *fill*         0x000000000000d31c        0x4 
 .rodata._strtod_l.cst8
                0x000000000000d320       0x38 c:/mounriver/mounriver_studio/toolchain/risc-v embedded gcc/bin/../lib/gcc/riscv-none-embed/8.2.0/../../../../riscv-none-embed/lib/rv32imac/ilp32\libg_nano.a(lib_a-strtod.o)
 .rodata._strtod_l.str1.4
                0x000000000000d358        0xf c:/mounriver/mounriver_studio/toolchain/risc-v embedded gcc/bin/../lib/gcc/riscv-none-embed/8.2.0/../../../../riscv-none-embed/lib/rv32imac/ilp32\libg_nano.a(lib_a-strtod.o)
 *fill*         0x000000000000d367        0x1 
 .rodata.fpi.3395
                0x000000000000d368       0x14 c:/mounriver/mounriver_studio/toolchain/risc-v embedded gcc/bin/../lib/gcc/riscv-none-embed/8.2.0/../../../../riscv-none-embed/lib/rv32imac/ilp32\libg_nano.a(lib_a-strtod.o)
 .rodata.fpinan.3431
                0x000000000000d37c       0x14 c:/mounriver/mounriver_studio/toolchain/risc-v embedded gcc/bin/../lib/gcc/riscv-none-embed/8.2.0/../../../../riscv-none-embed/lib/rv32imac/ilp32\libg_nano.a(lib_a-strtod.o)
 .rodata.tinytens
                0x000000000000d390       0x28 c:/mounriver/mounriver_studio/toolchain/risc-v embedded gcc/bin/../lib/gcc/riscv-none-embed/8.2.0/../../../../riscv-none-embed/lib/rv32imac/ilp32\libg_nano.a(lib_a-strtod.o)
 .rodata._ctype_
                0x000000000000d3b8      0x101 c:/mounriver/mounriver_studio/toolchain/risc-v embedded gcc/bin/../lib/gcc/riscv-none-embed/8.2.0/../../../../riscv-none-embed/lib/rv32imac/ilp32\libg_nano.a(lib_a-ctype_.o)
                0x000000000000d3b8                _ctype_
 *fill*         0x000000000000d4b9        0x7 
 .rodata._dtoa_r.cst8
                0x000000000000d4c0       0x38 c:/mounriver/mounriver_studio/toolchain/risc-v embedded gcc/bin/../lib/gcc/riscv-none-embed/8.2.0/../../../../riscv-none-embed/lib/rv32imac/ilp32\libg_nano.a(lib_a-dtoa.o)
                                         0x48 (size before relaxing)
 .rodata._dtoa_r.str1.4
                0x000000000000d4f8       0x10 c:/mounriver/mounriver_studio/toolchain/risc-v embedded gcc/bin/../lib/gcc/riscv-none-embed/8.2.0/../../../../riscv-none-embed/lib/rv32imac/ilp32\libg_nano.a(lib_a-dtoa.o)
                                         0x12 (size before relaxing)
 .rodata.__sf_fake_stderr
                0x000000000000d508       0x20 c:/mounriver/mounriver_studio/toolchain/risc-v embedded gcc/bin/../lib/gcc/riscv-none-embed/8.2.0/../../../../riscv-none-embed/lib/rv32imac/ilp32\libg_nano.a(lib_a-findfp.o)
                0x000000000000d508                __sf_fake_stderr
 .rodata.__sf_fake_stdin
                0x000000000000d528       0x20 c:/mounriver/mounriver_studio/toolchain/risc-v embedded gcc/bin/../lib/gcc/riscv-none-embed/8.2.0/../../../../riscv-none-embed/lib/rv32imac/ilp32\libg_nano.a(lib_a-findfp.o)
                0x000000000000d528                __sf_fake_stdin
 .rodata.__sf_fake_stdout
                0x000000000000d548       0x20 c:/mounriver/mounriver_studio/toolchain/risc-v embedded gcc/bin/../lib/gcc/riscv-none-embed/8.2.0/../../../../riscv-none-embed/lib/rv32imac/ilp32\libg_nano.a(lib_a-findfp.o)
                0x000000000000d548                __sf_fake_stdout
 .rodata.__mprec_bigtens
                0x000000000000d568       0x28 c:/mounriver/mounriver_studio/toolchain/risc-v embedded gcc/bin/../lib/gcc/riscv-none-embed/8.2.0/../../../../riscv-none-embed/lib/rv32imac/ilp32\libg_nano.a(lib_a-mprec.o)
                0x000000000000d568                __mprec_bigtens
 .rodata.__mprec_tens
                0x000000000000d590       0xc8 c:/mounriver/mounriver_studio/toolchain/risc-v embedded gcc/bin/../lib/gcc/riscv-none-embed/8.2.0/../../../../riscv-none-embed/lib/rv32imac/ilp32\libg_nano.a(lib_a-mprec.o)
                0x000000000000d590                __mprec_tens
 .rodata.p05.3319
                0x000000000000d658        0xc c:/mounriver/mounriver_studio/toolchain/risc-v embedded gcc/bin/../lib/gcc/riscv-none-embed/8.2.0/../../../../riscv-none-embed/lib/rv32imac/ilp32\libg_nano.a(lib_a-mprec.o)
 .rodata._svfprintf_r.str1.4
                0x000000000000d664       0x14 c:/mounriver/mounriver_studio/toolchain/risc-v embedded gcc/bin/../lib/gcc/riscv-none-embed/8.2.0/../../../../riscv-none-embed/lib/rv32imac/ilp32\libg_nano.a(lib_a-nano-svfprintf.o)
                                         0x13 (size before relaxing)
 .rodata._vfprintf_r.str1.4
                0x000000000000d678       0x13 c:/mounriver/mounriver_studio/toolchain/risc-v embedded gcc/bin/../lib/gcc/riscv-none-embed/8.2.0/../../../../riscv-none-embed/lib/rv32imac/ilp32\libg_nano.a(lib_a-nano-vfprintf.o)
 .rodata.__divdf3
                0x000000000000d678       0x40 c:/mounriver/mounriver_studio/toolchain/risc-v embedded gcc/bin/../lib/gcc/riscv-none-embed/8.2.0/rv32imac/ilp32\libgcc.a(divdf3.o)
 .rodata.__muldf3
                0x000000000000d6b8       0x40 c:/mounriver/mounriver_studio/toolchain/risc-v embedded gcc/bin/../lib/gcc/riscv-none-embed/8.2.0/rv32imac/ilp32\libgcc.a(muldf3.o)
 *(.sdata2.*)
 .sdata2.CSWTCH.31
                0x000000000000d6f8        0x4 ./src/liblightmodbus-impl.o
 .sdata2.CSWTCH.32
                0x000000000000d6fc        0x8 ./src/liblightmodbus-impl.o
 .sdata2.CSWTCH.33
                0x000000000000d704        0x4 ./src/liblightmodbus-impl.o
 .sdata2.modbusSlaveDefaultFunctionCount
                0x000000000000d708        0x1 ./src/liblightmodbus-impl.o
                0x000000000000d708                modbusSlaveDefaultFunctionCount
 *fill*         0x000000000000d709        0x3 
 .sdata2._global_impure_ptr
                0x000000000000d70c        0x4 c:/mounriver/mounriver_studio/toolchain/risc-v embedded gcc/bin/../lib/gcc/riscv-none-embed/8.2.0/../../../../riscv-none-embed/lib/rv32imac/ilp32\libg_nano.a(lib_a-impure.o)
                0x000000000000d70c                _global_impure_ptr
 *(.glue_7)
 *(.glue_7t)
 *(.gnu.linkonce.t.*)
                0x000000000000d710                . = ALIGN (0x4)

.rela.dyn       0x000000000000d710        0x0
 .rela.text.docrc8
                0x000000000000d710        0x0 ./src/utils/crc.o
 .rela.text.DS2480B_Detect
                0x000000000000d710        0x0 ./src/utils/crc.o
 .rela.text.OWLevel
                0x000000000000d710        0x0 ./src/utils/crc.o
 .rela.text.OWReset
                0x000000000000d710        0x0 ./src/utils/crc.o
 .rela.text.OWSearch
                0x000000000000d710        0x0 ./src/utils/crc.o
 .rela.text.OWFirst
                0x000000000000d710        0x0 ./src/utils/crc.o
 .rela.init     0x000000000000d710        0x0 ./src/utils/crc.o
 .rela.vector   0x000000000000d710        0x0 ./src/utils/crc.o
 .rela.handle_reset
                0x000000000000d710        0x0 ./src/utils/crc.o
 .rela.text._sbrk_r
                0x000000000000d710        0x0 ./src/utils/crc.o
 .rela.text._svfprintf_r
                0x000000000000d710        0x0 ./src/utils/crc.o
 .rela.text._vfprintf_r
                0x000000000000d710        0x0 ./src/utils/crc.o
 .rela.text._write_r
                0x000000000000d710        0x0 ./src/utils/crc.o
 .rela.text._close_r
                0x000000000000d710        0x0 ./src/utils/crc.o
 .rela.text._fstat_r
                0x000000000000d710        0x0 ./src/utils/crc.o
 .rela.text._isatty_r
                0x000000000000d710        0x0 ./src/utils/crc.o
 .rela.text._lseek_r
                0x000000000000d710        0x0 ./src/utils/crc.o
 .rela.text._read_r
                0x000000000000d710        0x0 ./src/utils/crc.o
 .rela.text._close
                0x000000000000d710        0x0 ./src/utils/crc.o
 .rela.text._fstat
                0x000000000000d710        0x0 ./src/utils/crc.o
 .rela.text._isatty
                0x000000000000d710        0x0 ./src/utils/crc.o
 .rela.text._lseek
                0x000000000000d710        0x0 ./src/utils/crc.o
 .rela.text._read
                0x000000000000d710        0x0 ./src/utils/crc.o
 .rela.text._sbrk
                0x000000000000d710        0x0 ./src/utils/crc.o

.fini           0x000000000000d710        0x0
 *(SORT_NONE(.fini))
                0x000000000000d710                . = ALIGN (0x4)
                [!provide]                        PROVIDE (_etext = .)
                [!provide]                        PROVIDE (_eitcm = .)

.preinit_array  0x000000000000d710        0x0
                [!provide]                        PROVIDE (__preinit_array_start = .)
 *(.preinit_array)
                [!provide]                        PROVIDE (__preinit_array_end = .)

.init_array     0x000000000000d710        0x0
                [!provide]                        PROVIDE (__init_array_start = .)
 *(SORT_BY_INIT_PRIORITY(.init_array.*) SORT_BY_INIT_PRIORITY(.ctors.*))
 *(.init_array EXCLUDE_FILE(*crtend?.o *crtend.o *crtbegin?.o *crtbegin.o) .ctors)
                [!provide]                        PROVIDE (__init_array_end = .)

.fini_array     0x000000000000d710        0x0
                [!provide]                        PROVIDE (__fini_array_start = .)
 *(SORT_BY_INIT_PRIORITY(.fini_array.*) SORT_BY_INIT_PRIORITY(.dtors.*))
 *(.fini_array EXCLUDE_FILE(*crtend?.o *crtend.o *crtbegin?.o *crtbegin.o) .dtors)
                [!provide]                        PROVIDE (__fini_array_end = .)

.ctors
 *crtbegin.o(.ctors)
 *crtbegin?.o(.ctors)
 *(EXCLUDE_FILE(*crtend?.o *crtend.o) .ctors)
 *(SORT_BY_NAME(.ctors.*))
 *(.ctors)

.dtors
 *crtbegin.o(.dtors)
 *crtbegin?.o(.dtors)
 *(EXCLUDE_FILE(*crtend?.o *crtend.o) .dtors)
 *(SORT_BY_NAME(.dtors.*))
 *(.dtors)

.dalign         0x0000000020000a8c        0x0 load address 0x000000000000d710
                0x0000000020000a8c                . = (ORIGIN (RAM) + MAX (0x800, SIZEOF (.highcode)))

.dlalign        0x000000000000d710        0x0
                0x000000000000d710                . = ALIGN (0x4)
                0x000000000000d710                PROVIDE (_data_lma = .)

.data           0x0000000020000a8c      0x66c load address 0x000000000000d710
                0x0000000020000a8c                . = ALIGN (0x4)
                0x0000000020000a8c                PROVIDE (_data_vma = .)
 *(.gnu.linkonce.r.*)
 *(.data .data.*)
 .data.smail_64x64_1
                0x0000000020000a8c      0x200 ./src/Main.o
                0x0000000020000a8c                smail_64x64_1
 .data.cfg_items
                0x0000000020000c8c       0x50 ./src/configtool.o
 .data.modbusSlaveDefaultFunctions
                0x0000000020000cdc       0x50 ./src/liblightmodbus-impl.o
                0x0000000020000cdc                modbusSlaveDefaultFunctions
 .data.uart_ctx
                0x0000000020000d2c      0x1f0 ./src/uart.o
 .data.__global_locale
                0x0000000020000f1c      0x16c c:/mounriver/mounriver_studio/toolchain/risc-v embedded gcc/bin/../lib/gcc/riscv-none-embed/8.2.0/../../../../riscv-none-embed/lib/rv32imac/ilp32\libg_nano.a(lib_a-locale.o)
                0x0000000020000f1c                __global_locale
 .data.impure_data
                0x0000000020001088       0x60 c:/mounriver/mounriver_studio/toolchain/risc-v embedded gcc/bin/../lib/gcc/riscv-none-embed/8.2.0/../../../../riscv-none-embed/lib/rv32imac/ilp32\libg_nano.a(lib_a-impure.o)
 *(.gnu.linkonce.d.*)
                0x00000000200010e8                . = ALIGN (0x8)
                0x00000000200018e8                PROVIDE (__global_pointer$ = (. + 0x800))
 *(.sdata .sdata.*)
 .sdata.mb_di_list
                0x00000000200010e8        0x8 ./src/modbus/discrete_input.o
                0x00000000200010e8                mb_di_list
 .sdata._impure_ptr
                0x00000000200010f0        0x4 c:/mounriver/mounriver_studio/toolchain/risc-v embedded gcc/bin/../lib/gcc/riscv-none-embed/8.2.0/../../../../riscv-none-embed/lib/rv32imac/ilp32\libg_nano.a(lib_a-impure.o)
                0x00000000200010f0                _impure_ptr
 *(.gnu.linkonce.s.*)
                0x00000000200010f8                . = ALIGN (0x8)
 *fill*         0x00000000200010f4        0x4 
 *(.srodata.cst16)
 *(.srodata.cst8)
 *(.srodata.cst4)
 *(.srodata.cst2)
 *(.srodata .srodata.*)
                0x00000000200010f8                . = ALIGN (0x4)
                0x00000000200010f8                PROVIDE (_edata = .)

.bss            0x00000000200010f8      0xe5c load address 0x000000000000dd7c
                0x00000000200010f8                . = ALIGN (0x4)
                0x00000000200010f8                PROVIDE (_sbss = .)
 *(.sbss*)
 .sbss.mb_di_cache
                0x00000000200010f8        0x1 ./src/modbus/discrete_input.o
 *fill*         0x00000000200010f9        0x3 
 .sbss.mb_iregs
                0x00000000200010fc        0x4 ./src/modbus/iregs.o
 .sbss.mb_test_regs
                0x0000000020001100        0x4 ./src/modbus/regs.o
 .sbss.ALARM_RESET_COMPLIANCE
                0x0000000020001104        0x4 ./src/ds2480b/onewire.o
                0x0000000020001104                ALARM_RESET_COMPLIANCE
 .sbss.cfg_flag_init
                0x0000000020001108        0x1 ./src/configtool.o
 .sbss.mb_timer_ref
                0x0000000020001109        0x1 ./src/modbus.o
 .sbss.flag_refresh
                0x000000002000110a        0x1 ./src/oled.o
 *fill*         0x000000002000110b        0x1 
 .sbss.sensor_ctx
                0x000000002000110c        0x8 ./src/sensor.o
 .sbss.uid_read
                0x0000000020001114        0x1 ./src/uid.o
 *fill*         0x0000000020001115        0x3 
 .sbss.worktime
                0x0000000020001118        0x8 ./src/worktime.o
 .sbss.__malloc_free_list
                0x0000000020001120        0x4 c:/mounriver/mounriver_studio/toolchain/risc-v embedded gcc/bin/../lib/gcc/riscv-none-embed/8.2.0/../../../../riscv-none-embed/lib/rv32imac/ilp32\libg_nano.a(lib_a-nano-mallocr.o)
                0x0000000020001120                __malloc_free_list
 .sbss.__malloc_sbrk_start
                0x0000000020001124        0x4 c:/mounriver/mounriver_studio/toolchain/risc-v embedded gcc/bin/../lib/gcc/riscv-none-embed/8.2.0/../../../../riscv-none-embed/lib/rv32imac/ilp32\libg_nano.a(lib_a-nano-mallocr.o)
                0x0000000020001124                __malloc_sbrk_start
 .sbss.heap_end.1518
                0x0000000020001128        0x4 c:/mounriver/mounriver_studio/toolchain/risc-v embedded gcc/bin/../lib/gcc/riscv-none-embed/8.2.0/../../../../riscv-none-embed/lib/rv32imac/ilp32\libnosys.a(sbrk.o)
 *(.gnu.linkonce.sb.*)
 *(.bss*)
 .bss.mb_config_regs
                0x000000002000112c        0xe ./src/modbus/regs.o
 *fill*         0x000000002000113a        0x2 
 .bss.mb_ro_regs
                0x000000002000113c       0xe0 ./src/modbus/regs.o
 .bss.mb_rwa_regs
                0x000000002000121c       0x1e ./src/modbus/regs.o
 *fill*         0x000000002000123a        0x2 
 .bss.cfg_cache
                0x000000002000123c       0x4c ./src/configtool.o
 .bss.line_idx  0x0000000020001288       0x10 ./src/display.o
 .bss.lines     0x0000000020001298       0x48 ./src/display.o
 .bss.gpio_ctx  0x00000000200012e0      0x144 ./src/gpio.o
 *fill*         0x0000000020001424        0x4 
 .bss.mb_slave_ctx
                0x0000000020001428      0x260 ./src/modbus.o
 .bss.OLED_GRAM
                0x0000000020001688      0x480 ./src/oled.o
 .bss.st_ctx    0x0000000020001b08      0x414 ./src/storage.o
 .bss.uid       0x0000000020001f1c        0x9 ./src/uid.o
 *(.gnu.linkonce.b.*)
 *(COMMON*)
 *fill*         0x0000000020001f25        0x3 
 COMMON         0x0000000020001f28       0x28 ./src/ds2480b/onewire.o
                0x0000000020001f28                UBaud
                0x0000000020001f2c                ROM_NO
                0x0000000020001f34                crc8
                0x0000000020001f38                USpeed
                0x0000000020001f3c                LastFamilyDiscrepancy
                0x0000000020001f40                LastDeviceFlag
                0x0000000020001f44                UMode
                0x0000000020001f48                LastDiscrepancy
                0x0000000020001f4c                ULevel
 COMMON         0x0000000020001f50        0x4 c:/mounriver/mounriver_studio/toolchain/risc-v embedded gcc/bin/../lib/gcc/riscv-none-embed/8.2.0/../../../../riscv-none-embed/lib/rv32imac/ilp32\libg_nano.a(lib_a-reent.o)
                0x0000000020001f50                errno
                0x0000000020001f54                . = ALIGN (0x4)
                0x0000000020001f54                PROVIDE (_ebss = .)
                [!provide]                        PROVIDE (_end = _ebss)
                0x0000000020001f54                PROVIDE (end = .)

.stack          0x0000000020008000        0x0
                0x0000000020008000                . = ALIGN (0x4)
                0x0000000020008000                PROVIDE (_eusrstack = .)
OUTPUT(CH582M-app-ds2480b.elf elf32-littleriscv)

.debug_info     0x0000000000000000    0x21a3f
 .debug_info    0x0000000000000000      0xa04 ./src/utils/crc.o
 .debug_info    0x0000000000000a04      0xf74 ./src/utils/log.o
 .debug_info    0x0000000000001978     0x1316 ./src/modbus/coils.o
 .debug_info    0x0000000000002c8e     0x1378 ./src/modbus/discrete_input.o
 .debug_info    0x0000000000004006     0x1278 ./src/modbus/iregs.o
 .debug_info    0x000000000000527e     0x1620 ./src/modbus/regs.o
 .debug_info    0x000000000000689e      0xda3 ./src/ds2480b/commun.o
 .debug_info    0x0000000000007641     0x1ba1 ./src/ds2480b/onewire.o
 .debug_info    0x00000000000091e2      0xd8e ./src/ds2480b/uart-ds2480.o
 .debug_info    0x0000000000009f70     0x17e8 ./src/Main.o
 .debug_info    0x000000000000b758      0x16c ./src/appinfo.o
 .debug_info    0x000000000000b8c4     0x184b ./src/configtool.o
 .debug_info    0x000000000000d10f      0xd23 ./src/display.o
 .debug_info    0x000000000000de32     0x15a4 ./src/gpio.o
 .debug_info    0x000000000000f3d6     0x2b86 ./src/liblightmodbus-impl.o
 .debug_info    0x0000000000011f5c     0x243c ./src/modbus.o
 .debug_info    0x0000000000014398     0x193d ./src/oled.o
 .debug_info    0x0000000000015cd5     0x176c ./src/sensor.o
 .debug_info    0x0000000000017441     0x2bc0 ./src/storage.o
 .debug_info    0x000000000001a001     0x1fb4 ./src/uart.o
 .debug_info    0x000000000001bfb5      0xcc9 ./src/uid.o
 .debug_info    0x000000000001cc7e     0x10aa ./src/worktime.o
 .debug_info    0x000000000001dd28      0xe62 ./StdPeriphDriver/CH58x_gpio.o
 .debug_info    0x000000000001eb8a     0x12a5 ./StdPeriphDriver/CH58x_sys.o
 .debug_info    0x000000000001fe2f      0xdb4 ./StdPeriphDriver/CH58x_timer0.o
 .debug_info    0x0000000000020be3      0xe3a ./StdPeriphDriver/CH58x_uart0.o
 .debug_info    0x0000000000021a1d       0x22 ./Startup/startup_CH583.o

.debug_abbrev   0x0000000000000000     0x565e
 .debug_abbrev  0x0000000000000000      0x1cc ./src/utils/crc.o
 .debug_abbrev  0x00000000000001cc      0x2a8 ./src/utils/log.o
 .debug_abbrev  0x0000000000000474      0x321 ./src/modbus/coils.o
 .debug_abbrev  0x0000000000000795      0x39c ./src/modbus/discrete_input.o
 .debug_abbrev  0x0000000000000b31      0x310 ./src/modbus/iregs.o
 .debug_abbrev  0x0000000000000e41      0x3e1 ./src/modbus/regs.o
 .debug_abbrev  0x0000000000001222      0x291 ./src/ds2480b/commun.o
 .debug_abbrev  0x00000000000014b3      0x497 ./src/ds2480b/onewire.o
 .debug_abbrev  0x000000000000194a      0x24e ./src/ds2480b/uart-ds2480.o
 .debug_abbrev  0x0000000000001b98      0x2fe ./src/Main.o
 .debug_abbrev  0x0000000000001e96       0xb9 ./src/appinfo.o
 .debug_abbrev  0x0000000000001f4f      0x3f9 ./src/configtool.o
 .debug_abbrev  0x0000000000002348      0x329 ./src/display.o
 .debug_abbrev  0x0000000000002671      0x377 ./src/gpio.o
 .debug_abbrev  0x00000000000029e8      0x5a9 ./src/liblightmodbus-impl.o
 .debug_abbrev  0x0000000000002f91      0x5ac ./src/modbus.o
 .debug_abbrev  0x000000000000353d      0x443 ./src/oled.o
 .debug_abbrev  0x0000000000003980      0x32b ./src/sensor.o
 .debug_abbrev  0x0000000000003cab      0x4fe ./src/storage.o
 .debug_abbrev  0x00000000000041a9      0x4bc ./src/uart.o
 .debug_abbrev  0x0000000000004665      0x222 ./src/uid.o
 .debug_abbrev  0x0000000000004887      0x316 ./src/worktime.o
 .debug_abbrev  0x0000000000004b9d      0x268 ./StdPeriphDriver/CH58x_gpio.o
 .debug_abbrev  0x0000000000004e05      0x368 ./StdPeriphDriver/CH58x_sys.o
 .debug_abbrev  0x000000000000516d      0x235 ./StdPeriphDriver/CH58x_timer0.o
 .debug_abbrev  0x00000000000053a2      0x2aa ./StdPeriphDriver/CH58x_uart0.o
 .debug_abbrev  0x000000000000564c       0x12 ./Startup/startup_CH583.o

.debug_loc      0x0000000000000000     0xacf5
 .debug_loc     0x0000000000000000     0x23cb ./src/utils/crc.o
 .debug_loc     0x00000000000023cb      0x3c3 ./src/utils/log.o
 .debug_loc     0x000000000000278e       0xd7 ./src/modbus/coils.o
 .debug_loc     0x0000000000002865      0x26f ./src/modbus/discrete_input.o
 .debug_loc     0x0000000000002ad4       0xfa ./src/modbus/iregs.o
 .debug_loc     0x0000000000002bce      0x466 ./src/modbus/regs.o
 .debug_loc     0x0000000000003034      0x111 ./src/ds2480b/commun.o
 .debug_loc     0x0000000000003145      0xa69 ./src/ds2480b/onewire.o
 .debug_loc     0x0000000000003bae      0x130 ./src/ds2480b/uart-ds2480.o
 .debug_loc     0x0000000000003cde       0x63 ./src/Main.o
 .debug_loc     0x0000000000003d41      0x50d ./src/configtool.o
 .debug_loc     0x000000000000424e      0x1e2 ./src/display.o
 .debug_loc     0x0000000000004430      0x45c ./src/gpio.o
 .debug_loc     0x000000000000488c     0x2648 ./src/liblightmodbus-impl.o
 .debug_loc     0x0000000000006ed4      0x5a8 ./src/modbus.o
 .debug_loc     0x000000000000747c      0xafa ./src/oled.o
 .debug_loc     0x0000000000007f76      0x1ca ./src/sensor.o
 .debug_loc     0x0000000000008140     0x1816 ./src/storage.o
 .debug_loc     0x0000000000009956      0xb14 ./src/uart.o
 .debug_loc     0x000000000000a46a       0x5f ./src/worktime.o
 .debug_loc     0x000000000000a4c9      0x361 ./StdPeriphDriver/CH58x_gpio.o
 .debug_loc     0x000000000000a82a      0x25a ./StdPeriphDriver/CH58x_sys.o
 .debug_loc     0x000000000000aa84       0x84 ./StdPeriphDriver/CH58x_timer0.o
 .debug_loc     0x000000000000ab08      0x1ed ./StdPeriphDriver/CH58x_uart0.o

.debug_aranges  0x0000000000000000      0x8f8
 .debug_aranges
                0x0000000000000000       0x60 ./src/utils/crc.o
 .debug_aranges
                0x0000000000000060       0x28 ./src/utils/log.o
 .debug_aranges
                0x0000000000000088       0x30 ./src/modbus/coils.o
 .debug_aranges
                0x00000000000000b8       0x30 ./src/modbus/discrete_input.o
 .debug_aranges
                0x00000000000000e8       0x30 ./src/modbus/iregs.o
 .debug_aranges
                0x0000000000000118       0x48 ./src/modbus/regs.o
 .debug_aranges
                0x0000000000000160       0x28 ./src/ds2480b/commun.o
 .debug_aranges
                0x0000000000000188       0xc0 ./src/ds2480b/onewire.o
 .debug_aranges
                0x0000000000000248       0x38 ./src/ds2480b/uart-ds2480.o
 .debug_aranges
                0x0000000000000280       0x30 ./src/Main.o
 .debug_aranges
                0x00000000000002b0       0x20 ./src/appinfo.o
 .debug_aranges
                0x00000000000002d0       0x68 ./src/configtool.o
 .debug_aranges
                0x0000000000000338       0x30 ./src/display.o
 .debug_aranges
                0x0000000000000368       0x50 ./src/gpio.o
 .debug_aranges
                0x00000000000003b8       0xe8 ./src/liblightmodbus-impl.o
 .debug_aranges
                0x00000000000004a0       0x90 ./src/modbus.o
 .debug_aranges
                0x0000000000000530       0x98 ./src/oled.o
 .debug_aranges
                0x00000000000005c8       0x38 ./src/sensor.o
 .debug_aranges
                0x0000000000000600       0x98 ./src/storage.o
 .debug_aranges
                0x0000000000000698       0x80 ./src/uart.o
 .debug_aranges
                0x0000000000000718       0x20 ./src/uid.o
 .debug_aranges
                0x0000000000000738       0x38 ./src/worktime.o
 .debug_aranges
                0x0000000000000770       0x48 ./StdPeriphDriver/CH58x_gpio.o
 .debug_aranges
                0x00000000000007b8       0x88 ./StdPeriphDriver/CH58x_sys.o
 .debug_aranges
                0x0000000000000840       0x38 ./StdPeriphDriver/CH58x_timer0.o
 .debug_aranges
                0x0000000000000878       0x50 ./StdPeriphDriver/CH58x_uart0.o
 .debug_aranges
                0x00000000000008c8       0x30 ./Startup/startup_CH583.o

.debug_ranges   0x0000000000000000     0x11e0
 .debug_ranges  0x0000000000000000       0xb0 ./src/utils/crc.o
 .debug_ranges  0x00000000000000b0       0x70 ./src/utils/log.o
 .debug_ranges  0x0000000000000120       0x20 ./src/modbus/coils.o
 .debug_ranges  0x0000000000000140       0x38 ./src/modbus/discrete_input.o
 .debug_ranges  0x0000000000000178       0x38 ./src/modbus/iregs.o
 .debug_ranges  0x00000000000001b0       0x58 ./src/modbus/regs.o
 .debug_ranges  0x0000000000000208       0x18 ./src/ds2480b/commun.o
 .debug_ranges  0x0000000000000220       0xe8 ./src/ds2480b/onewire.o
 .debug_ranges  0x0000000000000308       0x40 ./src/ds2480b/uart-ds2480.o
 .debug_ranges  0x0000000000000348       0x20 ./src/Main.o
 .debug_ranges  0x0000000000000368       0x10 ./src/appinfo.o
 .debug_ranges  0x0000000000000378       0x78 ./src/configtool.o
 .debug_ranges  0x00000000000003f0       0x38 ./src/display.o
 .debug_ranges  0x0000000000000428       0x40 ./src/gpio.o
 .debug_ranges  0x0000000000000468      0x6c0 ./src/liblightmodbus-impl.o
 .debug_ranges  0x0000000000000b28       0xf8 ./src/modbus.o
 .debug_ranges  0x0000000000000c20       0xd8 ./src/oled.o
 .debug_ranges  0x0000000000000cf8       0x28 ./src/sensor.o
 .debug_ranges  0x0000000000000d20      0x250 ./src/storage.o
 .debug_ranges  0x0000000000000f70       0xe0 ./src/uart.o
 .debug_ranges  0x0000000000001050       0x10 ./src/uid.o
 .debug_ranges  0x0000000000001060       0x40 ./src/worktime.o
 .debug_ranges  0x00000000000010a0       0x38 ./StdPeriphDriver/CH58x_gpio.o
 .debug_ranges  0x00000000000010d8       0x78 ./StdPeriphDriver/CH58x_sys.o
 .debug_ranges  0x0000000000001150       0x28 ./StdPeriphDriver/CH58x_timer0.o
 .debug_ranges  0x0000000000001178       0x40 ./StdPeriphDriver/CH58x_uart0.o
 .debug_ranges  0x00000000000011b8       0x28 ./Startup/startup_CH583.o

.debug_line     0x0000000000000000    0x11875
 .debug_line    0x0000000000000000      0xd1a ./src/utils/crc.o
 .debug_line    0x0000000000000d1a      0x672 ./src/utils/log.o
 .debug_line    0x000000000000138c      0x39f ./src/modbus/coils.o
 .debug_line    0x000000000000172b      0x4cf ./src/modbus/discrete_input.o
 .debug_line    0x0000000000001bfa      0x36c ./src/modbus/iregs.o
 .debug_line    0x0000000000001f66      0x82c ./src/modbus/regs.o
 .debug_line    0x0000000000002792      0x3ff ./src/ds2480b/commun.o
 .debug_line    0x0000000000002b91     0x1fb4 ./src/ds2480b/onewire.o
 .debug_line    0x0000000000004b45      0x3e7 ./src/ds2480b/uart-ds2480.o
 .debug_line    0x0000000000004f2c      0x64e ./src/Main.o
 .debug_line    0x000000000000557a      0x147 ./src/appinfo.o
 .debug_line    0x00000000000056c1      0xb38 ./src/configtool.o
 .debug_line    0x00000000000061f9      0x5f6 ./src/display.o
 .debug_line    0x00000000000067ef      0xa6a ./src/gpio.o
 .debug_line    0x0000000000007259     0x2407 ./src/liblightmodbus-impl.o
 .debug_line    0x0000000000009660     0x103f ./src/modbus.o
 .debug_line    0x000000000000a69f     0x11ad ./src/oled.o
 .debug_line    0x000000000000b84c      0x5ff ./src/sensor.o
 .debug_line    0x000000000000be4b     0x2499 ./src/storage.o
 .debug_line    0x000000000000e2e4     0x11b4 ./src/uart.o
 .debug_line    0x000000000000f498      0x273 ./src/uid.o
 .debug_line    0x000000000000f70b      0x36f ./src/worktime.o
 .debug_line    0x000000000000fa7a      0x704 ./StdPeriphDriver/CH58x_gpio.o
 .debug_line    0x000000000001017e      0xc69 ./StdPeriphDriver/CH58x_sys.o
 .debug_line    0x0000000000010de7      0x360 ./StdPeriphDriver/CH58x_timer0.o
 .debug_line    0x0000000000011147      0x547 ./StdPeriphDriver/CH58x_uart0.o
 .debug_line    0x000000000001168e      0x1e7 ./Startup/startup_CH583.o

.debug_str      0x0000000000000000     0x3de4
 .debug_str     0x0000000000000000      0x292 ./src/utils/crc.o
                                        0x2f6 (size before relaxing)
 .debug_str     0x0000000000000292      0x74c ./src/utils/log.o
                                        0x989 (size before relaxing)
 .debug_str     0x00000000000009de      0xc05 ./src/modbus/coils.o
                                       0x1237 (size before relaxing)
 .debug_str     0x00000000000015e3       0xe4 ./src/modbus/discrete_input.o
                                       0x125c (size before relaxing)
 .debug_str     0x00000000000016c7       0xdf ./src/modbus/iregs.o
                                       0x123d (size before relaxing)
 .debug_str     0x00000000000017a6      0x22f ./src/modbus/regs.o
                                       0x13c4 (size before relaxing)
 .debug_str     0x00000000000019d5       0x5f ./src/ds2480b/commun.o
                                        0x8c4 (size before relaxing)
 .debug_str     0x0000000000001a34      0x312 ./src/ds2480b/onewire.o
                                        0xbbe (size before relaxing)
 .debug_str     0x0000000000001d46       0x53 ./src/ds2480b/uart-ds2480.o
                                        0x8db (size before relaxing)
 .debug_str     0x0000000000001d99      0x619 ./src/Main.o
                                       0x1434 (size before relaxing)
 .debug_str     0x00000000000023b2       0x63 ./src/appinfo.o
                                        0x23f (size before relaxing)
 .debug_str     0x0000000000002415      0x374 ./src/configtool.o
                                        0xc91 (size before relaxing)
 .debug_str     0x0000000000002789       0xfe ./src/display.o
                                        0x6e0 (size before relaxing)
 .debug_str     0x0000000000002887      0x3f8 ./src/gpio.o
                                        0xf1c (size before relaxing)
 .debug_str     0x0000000000002c7f      0x483 ./src/liblightmodbus-impl.o
                                        0xebf (size before relaxing)
 .debug_str     0x0000000000003102      0x220 ./src/modbus.o
                                       0x1e2c (size before relaxing)
 .debug_str     0x0000000000003322      0x183 ./src/oled.o
                                        0xa94 (size before relaxing)